Component: ARM Compiler 5.05 update 1 (build 106) Tool: armlink [4d0efa]

==============================================================================

Section Cross References

    main.o(.text) refers to misc.o(.text) for NVIC_PriorityGroupConfig
    main.o(.text) refers to delay.o(.text) for delay_init
    main.o(.text) refers to usart.o(.text) for uart_init
    main.o(.text) refers to pwm.o(.text) for TIM3_PWM_Init
    main.o(.text) refers to car_control.o(.text) for CAR_Init
    main.o(.text) refers to trace.o(.text) for Trace_Init
    main.o(.text) refers to led.o(.text) for LED_Init
    main.o(.text) refers to stm32f4xx_tim.o(.text) for TIM_SetCompare1
    main.o(.text) refers to main.o(.data) for GEAR
    system_stm32f4xx.o(.text) refers to system_stm32f4xx.o(.data) for SystemCoreClock
    pwm.o(.text) refers to stm32f4xx_rcc.o(.text) for RCC_APB1PeriphClockCmd
    pwm.o(.text) refers to stm32f4xx_gpio.o(.text) for GPIO_PinAFConfig
    pwm.o(.text) refers to stm32f4xx_tim.o(.text) for TIM_TimeBaseInit
    car_control.o(.text) refers to stm32f4xx_rcc.o(.text) for RCC_AHB1PeriphClockCmd
    car_control.o(.text) refers to stm32f4xx_gpio.o(.text) for GPIO_Init
    car_control.o(.text) refers to trace.o(.text) for Trace_Init
    car_control.o(.text) refers to obstacle_avoid.o(.text) for TIM4_PWM_Init
    car_control.o(.text) refers to remote_ctr.o(.text) for Remote_Ctr_Init
    car_control.o(.text) refers to bluetooth_ctr.o(.text) for Bluetooth_Ctr_Init
    car_control.o(.text) refers to stm32f4xx_tim.o(.text) for TIM_SetCompare1
    led.o(.text) refers to stm32f4xx_rcc.o(.text) for RCC_AHB1PeriphClockCmd
    led.o(.text) refers to stm32f4xx_gpio.o(.text) for GPIO_Init
    obstacle_avoid.o(.text) refers to _printf_percent.o(.ARM.Collect$$_printf_percent$$00000000) for _printf_percent
    obstacle_avoid.o(.text) refers to _printf_f.o(.ARM.Collect$$_printf_percent$$00000003) for _printf_f
    obstacle_avoid.o(.text) refers to printf1.o(x$fpl$printf1) for _printf_fp_dec
    obstacle_avoid.o(.text) refers to stm32f4xx_rcc.o(.text) for RCC_AHB1PeriphClockCmd
    obstacle_avoid.o(.text) refers to stm32f4xx_gpio.o(.text) for GPIO_PinAFConfig
    obstacle_avoid.o(.text) refers to stm32f4xx_tim.o(.text) for TIM_TimeBaseInit
    obstacle_avoid.o(.text) refers to stm32f4xx_syscfg.o(.text) for SYSCFG_EXTILineConfig
    obstacle_avoid.o(.text) refers to stm32f4xx_exti.o(.text) for EXTI_ClearITPendingBit
    obstacle_avoid.o(.text) refers to misc.o(.text) for NVIC_Init
    obstacle_avoid.o(.text) refers to delay.o(.text) for delay_us
    obstacle_avoid.o(.text) refers to noretval__2printf.o(.text) for __2printf
    obstacle_avoid.o(.text) refers to f2d.o(x$fpl$f2d) for __aeabi_f2d
    obstacle_avoid.o(.text) refers to ddiv.o(x$fpl$ddiv) for __aeabi_ddiv
    obstacle_avoid.o(.text) refers to d2f.o(x$fpl$d2f) for __aeabi_d2f
    obstacle_avoid.o(.text) refers to car_control.o(.text) for stop
    obstacle_avoid.o(.text) refers to obstacle_avoid.o(.data) for UltrasonicWave_Distance
    obstacle_avoid.o(.text) refers to main.o(.data) for GEAR
    trace.o(.text) refers to stm32f4xx_rcc.o(.text) for RCC_AHB1PeriphClockCmd
    trace.o(.text) refers to stm32f4xx_gpio.o(.text) for GPIO_Init
    trace.o(.text) refers to delay.o(.text) for delay_ms
    trace.o(.text) refers to trace.o(.data) for trace_up
    lcd.o(.text) refers to _printf_percent.o(.ARM.Collect$$_printf_percent$$00000000) for _printf_percent
    lcd.o(.text) refers to _printf_x.o(.ARM.Collect$$_printf_percent$$0000000C) for _printf_x
    lcd.o(.text) refers to _printf_hex_int.o(.text) for _printf_longlong_hex
    lcd.o(.text) refers to delay.o(.text) for delay_us
    lcd.o(.text) refers to lcd.o(.bss) for lcddev
    lcd.o(.text) refers to lcd.o(.data) for POINT_COLOR
    lcd.o(.text) refers to dflt_clz.o(x$fpl$dfltu) for __aeabi_ui2d
    lcd.o(.text) refers to dmul.o(x$fpl$dmul) for __aeabi_dmul
    lcd.o(.text) refers to dfixu.o(x$fpl$dfixu) for __aeabi_d2uiz
    lcd.o(.text) refers to stm32f4xx_rcc.o(.text) for RCC_AHB1PeriphClockCmd
    lcd.o(.text) refers to stm32f4xx_gpio.o(.text) for GPIO_Init
    lcd.o(.text) refers to stm32f4xx_fsmc.o(.text) for FSMC_NORSRAMInit
    lcd.o(.text) refers to noretval__2printf.o(.text) for __2printf
    lcd.o(.text) refers to lcd.o(.constdata) for asc2_1206
    ps2.o(.text) refers to stm32f4xx_rcc.o(.text) for RCC_AHB1PeriphClockCmd
    ps2.o(.text) refers to stm32f4xx_gpio.o(.text) for GPIO_Init
    ps2.o(.text) refers to delay.o(.text) for delay_us
    ps2.o(.text) refers to ps2.o(.bss) for Data
    ps2.o(.text) refers to ps2.o(.data) for Comd
    delay.o(.text) refers to misc.o(.text) for SysTick_CLKSourceConfig
    delay.o(.text) refers to delay.o(.data) for fac_us
    usart.o(.rev16_text) refers (Special) to use_no_semi_2.o(.text) for __use_no_semihosting
    usart.o(.revsh_text) refers (Special) to use_no_semi_2.o(.text) for __use_no_semihosting
[...]
    ../clib/printf.c                         0x00000000   Number         0  __printf_flags_ss_wp.o ABSOLUTE
    ../clib/printf.c                         0x00000000   Number         0  _printf_intcommon.o ABSOLUTE
    ../clib/printf.c                         0x00000000   Number         0  __printf_ss.o ABSOLUTE
    ../clib/printf.c                         0x00000000   Number         0  _printf_char_common.o ABSOLUTE
    ../clib/printf.c                         0x00000000   Number         0  _printf_fp_dec.o ABSOLUTE
    ../clib/printf.c                         0x00000000   Number         0  _printf_hex_ll.o ABSOLUTE
    ../clib/printf.c                         0x00000000   Number         0  __printf_flags_ss.o ABSOLUTE
    ../clib/printf.c                         0x00000000   Number         0  __printf.o ABSOLUTE
    ../clib/printf.c                         0x00000000   Number         0  __printf_flags_wp.o ABSOLUTE
    ../clib/printf.c                         0x00000000   Number         0  _printf_fp_infnan.o ABSOLUTE
    ../clib/printf.c                         0x00000000   Number         0  _printf_hex_int_ll.o ABSOLUTE
    ../clib/printf.c                         0x00000000   Number         0  _printf_char_file.o ABSOLUTE
    ../clib/printf.c                         0x00000000   Number         0  __printf_wp.o ABSOLUTE
    ../clib/printf.c                         0x00000000   Number         0  _printf_hex_int.o ABSOLUTE
    ../clib/printf.c                         0x00000000   Number         0  __printf_ss_wp.o ABSOLUTE
    ../clib/printf.c                         0x00000000   Number         0  __printf_nopercent.o ABSOLUTE
    ../clib/printf_percent.s                 0x00000000   Number         0  _printf_f.o ABSOLUTE
    ../clib/printf_percent.s                 0x00000000   Number         0  _printf_x.o ABSOLUTE
    ../clib/printf_percent.s                 0x00000000   Number         0  _printf_percent_end.o ABSOLUTE
    ../clib/printf_percent.s                 0x00000000   Number         0  _printf_percent.o ABSOLUTE
    ../clib/signal.c                         0x00000000   Number         0  defsig_segv_inner.o ABSOLUTE
    ../clib/signal.c                         0x00000000   Number         0  defsig_rtmem_inner.o ABSOLUTE
    ../clib/signal.c                         0x00000000   Number         0  defsig_exit.o ABSOLUTE
    ../clib/signal.c                         0x00000000   Number         0  __raise.o ABSOLUTE
    ../clib/signal.c                         0x00000000   Number         0  defsig_general.o ABSOLUTE
    ../clib/signal.c                         0x00000000   Number         0  defsig_rtmem_formal.o ABSOLUTE
    ../clib/signal.c                         0x00000000   Number         0  defsig_rtmem_outer.o ABSOLUTE
    ../clib/signal.c                         0x00000000   Number         0  defsig_other.o ABSOLUTE
    ../clib/signal.c                         0x00000000   Number         0  defsig_abrt_inner.o ABSOLUTE
    ../clib/signal.c                         0x00000000   Number         0  defsig_fpe_inner.o ABSOLUTE
    ../clib/signal.c                         0x00000000   Number         0  defsig_rtred_inner.o ABSOLUTE
    ../clib/signal.c                         0x00000000   Number         0  defsig_stak_inner.o ABSOLUTE
    ../clib/signal.c                         0x00000000   Number         0  defsig_pvfn_inner.o ABSOLUTE
    ../clib/signal.c                         0x00000000   Number         0  defsig_cppl_inner.o ABSOLUTE
    ../clib/signal.s                         0x00000000   Number         0  defsig.o ABSOLUTE
    ../clib/stdio.c                          0x00000000   Number         0  ferror_locked.o ABSOLUTE
    ../clib/stdio.c                          0x00000000   Number         0  ferror.o ABSOLUTE
    ../clib/stdlib.c                         0x00000000   Number         0  exit.o ABSOLUTE
    ../fplib/d2f.s                           0x00000000   Number         0  d2f.o ABSOLUTE
    ../fplib/ddiv.s                          0x00000000   Number         0  ddiv.o ABSOLUTE
    ../fplib/dfixu.s                         0x00000000   Number         0  dfixu.o ABSOLUTE
    ../fplib/dflt.s                          0x00000000   Number         0  dflt_clz.o ABSOLUTE
    ../fplib/dmul.s                          0x00000000   Number         0  dmul.o ABSOLUTE
    ../fplib/dnaninf.s                       0x00000000   Number         0  dnaninf.o ABSOLUTE
    ../fplib/dretinf.s                       0x00000000   Number         0  dretinf.o ABSOLUTE
    ../fplib/f2d.s                           0x00000000   Number         0  f2d.o ABSOLUTE
    ../fplib/fnaninf.s                       0x00000000   Number         0  fnaninf.o ABSOLUTE
    ../fplib/fpinit.s                        0x00000000   Number         0  fpinit.o ABSOLUTE
    ../fplib/fretinf.s                       0x00000000   Number         0  fretinf.o ABSOLUTE
    ../fplib/istatus.s                       0x00000000   Number         0  istatus.o ABSOLUTE
    ../fplib/printf1.s                       0x00000000   Number         0  printf1.o ABSOLUTE
    ../fplib/usenofp.s                       0x00000000   Number         0  usenofp.o ABSOLUTE
    ../mathlib/fpclassify.c                  0x00000000   Number         0  fpclassify.o ABSOLUTE
    ..\CORE\startup_stm32f40_41xxx.s         0x00000000   Number         0  startup_stm32f40_41xxx.o ABSOLUTE
    ..\FWLIB\src\misc.c                      0x00000000   Number         0  misc.o ABSOLUTE
    ..\FWLIB\src\stm32f4xx_exti.c            0x00000000   Number         0  stm32f4xx_exti.o ABSOLUTE
    ..\FWLIB\src\stm32f4xx_fsmc.c            0x00000000   Number         0  stm32f4xx_fsmc.o ABSOLUTE
    ..\FWLIB\src\stm32f4xx_gpio.c            0x00000000   Number         0  stm32f4xx_gpio.o ABSOLUTE
    ..\FWLIB\src\stm32f4xx_rcc.c             0x00000000   Number         0  stm32f4xx_rcc.o ABSOLUTE
    ..\FWLIB\src\stm32f4xx_syscfg.c          0x00000000   Number         0  stm32f4xx_syscfg.o ABSOLUTE
    ..\FWLIB\src\stm32f4xx_tim.c             0x00000000   Number         0  stm32f4xx_tim.o ABSOLUTE
    ..\FWLIB\src\stm32f4xx_usart.c           0x00000000   Number         0  stm32f4xx_usart.o ABSOLUTE
    ..\HARDWARE\BLUETOOTH_CTR\bluetooth_ctr.c 0x00000000   Number         0  bluetooth_ctr.o ABSOLUTE
    ..\HARDWARE\Car_control\car_control.c    0x00000000   Number         0  car_control.o ABSOLUTE
    ..\HARDWARE\LCD\lcd.c                    0x00000000   Number         0  lcd.o ABSOLUTE
    ..\HARDWARE\LED\led.c                    0x00000000   Number         0  led.o ABSOLUTE
    ..\HARDWARE\Obstacle_avoid\obstacle_avoid.c 0x00000000   Number         0  obstacle_avoid.o ABSOLUTE
    ..\HARDWARE\PS2\ps2.c                    0x00000000   Number         0  ps2.o ABSOLUTE
    ..\HARDWARE\PWM\pwm.c                    0x00000000   Number         0  pwm.o ABSOLUTE
    ..\HARDWARE\REMOTE_CTR\remote_ctr.c      0x00000000   Number         0  remote_ctr.o ABSOLUTE
    ..\HARDWARE\Trace\trace.c                0x00000000   Number         0  trace.o ABSOLUTE
    ..\SYSTEM\delay\delay.c                  0x00000000   Number         0  delay.o ABSOLUTE
    ..\SYSTEM\sys\sys.c                      0x00000000   Number         0  sys.o ABSOLUTE
    ..\SYSTEM\usart\usart.c                  0x00000000   Number         0  usart.o ABSOLUTE
    ..\\FWLIB\\src\\misc.c                   0x00000000   Number         0  misc.o ABSOLUTE
    ..\\FWLIB\\src\\stm32f4xx_exti.c         0x00000000   Number         0  stm32f4xx_exti.o ABSOLUTE
    ..\\FWLIB\\src\\stm32f4xx_fsmc.c         0x00000000   Number         0  stm32f4xx_fsmc.o ABSOLUTE
    ..\\FWLIB\\src\\stm32f4xx_gpio.c         0x00000000   Number         0  stm32f4xx_gpio.o ABSOLUTE
    ..\\FWLIB\\src\\stm32f4xx_rcc.c          0x00000000   Number         0  stm32f4xx_rcc.o ABSOLUTE
    ..\\FWLIB\\src\\stm32f4xx_syscfg.c       0x00000000   Number         0  stm32f4xx_syscfg.o ABSOLUTE
    ..\\FWLIB\\src\\stm32f4xx_tim.c          0x00000000   Number         0  stm32f4xx_tim.o ABSOLUTE
    ..\\FWLIB\\src\\stm32f4xx_usart.c        0x00000000   Number         0  stm32f4xx_usart.o ABSOLUTE
    ..\\HARDWARE\\BLUETOOTH_CTR\\bluetooth_ctr.c 0x00000000   Number         0  bluetooth_ctr.o ABSOLUTE
    ..\\HARDWARE\\Car_control\\car_control.c 0x00000000   Number         0  car_control.o ABSOLUTE
    ..\\HARDWARE\\LCD\\lcd.c                 0x00000000   Number         0  lcd.o ABSOLUTE
    ..\\HARDWARE\\LED\\led.c                 0x00000000   Number         0  led.o ABSOLUTE
    ..\\HARDWARE\\Obstacle_avoid\\obstacle_avoid.c 0x00000000   Number         0  obstacle_avoid.o ABSOLUTE
    ..\\HARDWARE\\PS2\\ps2.c                 0x00000000   Number         0  ps2.o ABSOLUTE
    ..\\HARDWARE\\PWM\\pwm.c                 0x00000000   Number         0  pwm.o ABSOLUTE
    ..\\HARDWARE\\REMOTE_CTR\\remote_ctr.c   0x00000000   Number         0  remote_ctr.o ABSOLUTE
    ..\\HARDWARE\\Trace\\trace.c             0x00000000   Number         0  trace.o ABSOLUTE
    ..\\SYSTEM\\delay\\delay.c               0x00000000   Number         0  delay.o ABSOLUTE
    ..\\SYSTEM\\sys\\sys.c                   0x00000000   Number         0  sys.o ABSOLUTE
    ..\\SYSTEM\\usart\\usart.c               0x00000000   Number         0  usart.o ABSOLUTE
    dc.s                                     0x00000000   Number         0  dc.o ABSOLUTE
    main.c                                   0x00000000   Number         0  main.o ABSOLUTE
    main.c                                   0x00000000   Number         0  main.o ABSOLUTE
    stm32f4xx_it.c                           0x00000000   Number         0  stm32f4xx_it.o ABSOLUTE
    stm32f4xx_it.c                           0x00000000   Number         0  stm32f4xx_it.o ABSOLUTE
    system_stm32f4xx.c                       0x00000000   Number         0  system_stm32f4xx.o ABSOLUTE
    system_stm32f4xx.c                       0x00000000   Number         0  system_stm32f4xx.o ABSOLUTE
    RESET                                    0x08000000   Section      392  startup_stm32f40_41xxx.o(RESET)
    !!!main                                  0x08000188   Section        8  __main.o(!!!main)
    !!!scatter                               0x08000190   Section       52  __scatter.o(!!!scatter)
    !!handler_copy                           0x080001c4   Section       26  __scatter_copy.o(!!handler_copy)
    !!handler_zi                             0x080001e0   Section       28  __scatter_zi.o(!!handler_zi)
    .ARM.Collect$$_printf_percent$$00000000  0x080001fc   Section        0  _printf_percent.o(.ARM.Collect$$_printf_percent$$00000000)
    .ARM.Collect$$_printf_percent$$00000003  0x080001fc   Section        6  _printf_f.o(.ARM.Collect$$_printf_percent$$00000003)
    .ARM.Collect$$_printf_percent$$00000017  0x08000202   Section        4  _printf_percent_end.o(.ARM.Collect$$_printf_percent$$00000017)
    .ARM.Collect$$libinit$$00000000          0x08000206   Section        2  libinit.o(.ARM.Collect$$libinit$$00000000)
    .ARM.Collect$$libinit$$00000001          0x08000208   Section        4  libinit2.o(.ARM.Collect$$libinit$$00000001)
    .ARM.Collect$$libinit$$00000004          0x0800020c   Section        0  libinit2.o(.ARM.Collect$$libinit$$00000004)
    .ARM.Collect$$libinit$$0000000A          0x0800020c   Section        0  libinit2.o(.ARM.Collect$$libinit$$0000000A)
    .ARM.Collect$$libinit$$0000000C          0x0800020c   Section        0  libinit2.o(.ARM.Collect$$libinit$$0000000C)
    .ARM.Collect$$libinit$$0000000E          0x0800020c   Section        0  libinit2.o(.ARM.Collect$$libinit$$0000000E)
    .ARM.Collect$$libinit$$0000000F          0x0800020c   Section        6  libinit2.o(.ARM.Collect$$libinit$$0000000F)
    .ARM.Collect$$libinit$$00000011          0x08000212   Section        0  libinit2.o(.ARM.Collect$$libinit$$00000011)
    .ARM.Collect$$libinit$$00000013          0x08000212   Section        0  libinit2.o(.ARM.Collect$$libinit$$00000013)
    .ARM.Collect$$libinit$$00000015          0x08000212   Section        0  libinit2.o(.ARM.Collect$$libinit$$00000015)
    .ARM.Collect$$libinit$$00000016          0x08000212   Section       10  libinit2.o(.ARM.Collect$$libinit$$00000016)
    .ARM.Collect$$libinit$$00000017          0x0800021c   Section        0  libinit2.o(.ARM.Collect$$libinit$$00000017)
    .ARM.Collect$$libinit$$00000019          0x0800021c   Section        0  libinit2.o(.ARM.Collect$$libinit$$00000019)
    .ARM.Collect$$libinit$$0000001B          0x0800021c   Section        0  libinit2.o(.ARM.Collect$$libinit$$0000001B)
    .ARM.Collect$$libinit$$0000001D          0x0800021c   Section        0  libinit2.o(.ARM.Collect$$libinit$$0000001D)
    .ARM.Collect$$libinit$$0000001F          0x0800021c   Section        0  libinit2.o(.ARM.Collect$$libinit$$0000001F)
    .ARM.Collect$$libinit$$00000021          0x0800021c   Section        0  libinit2.o(.ARM.Collect$$libinit$$00000021)
    .ARM.Collect$$libinit$$00000023          0x0800021c   Section        0  libinit2.o(.ARM.Collect$$libinit$$00000023)
    .ARM.Collect$$libinit$$00000025          0x0800021c   Section        0  libinit2.o(.ARM.Collect$$libinit$$00000025)
    .ARM.Collect$$libinit$$0000002C          0x0800021c   Section        0  libinit2.o(.ARM.Collect$$libinit$$0000002C)
    .ARM.Collect$$libinit$$0000002E          0x0800021c   Section        0  libinit2.o(.ARM.Collect$$libinit$$0000002E)
    .ARM.Collect$$libinit$$00000030          0x0800021c   Section        0  libinit2.o(.ARM.Collect$$libinit$$00000030)
    .ARM.Collect$$libinit$$00000032          0x0800021c   Section        0  libinit2.o(.ARM.Collect$$libinit$$00000032)
    .ARM.Collect$$libinit$$00000033          0x0800021c   Section        2  libinit2.o(.ARM.Collect$$libinit$$00000033)
    .ARM.Collect$$libshutdown$$00000000      0x0800021e   Section        2  libshutdown.o(.ARM.Collect$$libshutdown$$00000000)
    .ARM.Collect$$libshutdown$$00000003      0x08000220   Section        0  libshutdown2.o(.ARM.Collect$$libshutdown$$00000003)
    .ARM.Collect$$libshutdown$$00000006      0x08000220   Section        0  libshutdown2.o(.ARM.Collect$$libshutdown$$00000006)
    .ARM.Collect$$libshutdown$$00000009      0x08000220   Section        0  libshutdown2.o(.ARM.Collect$$libshutdown$$00000009)
    .ARM.Collect$$libshutdown$$0000000B      0x08000220   Section        0  libshutdown2.o(.ARM.Collect$$libshutdown$$0000000B)
    .ARM.Collect$$libshutdown$$0000000E      0x08000220   Section        0  libshutdown2.o(.ARM.Collect$$libshutdown$$0000000E)
    .ARM.Collect$$libshutdown$$0000000F      0x08000220   Section        2  libshutdown2.o(.ARM.Collect$$libshutdown$$0000000F)
    .ARM.Collect$$rtentry$$00000000          0x08000222   Section        0  __rtentry.o(.ARM.Collect$$rtentry$$00000000)
    .ARM.Collect$$rtentry$$00000002          0x08000222   Section        0  __rtentry2.o(.ARM.Collect$$rtentry$$00000002)
    .ARM.Collect$$rtentry$$00000004          0x08000222   Section        6  __rtentry4.o(.ARM.Collect$$rtentry$$00000004)
    .ARM.Collect$$rtentry$$00000009          0x08000228   Section        0  __rtentry2.o(.ARM.Collect$$rtentry$$00000009)
    .ARM.Collect$$rtentry$$0000000A          0x08000228   Section        4  __rtentry2.o(.ARM.Collect$$rtentry$$0000000A)
    .ARM.Collect$$rtentry$$0000000C          0x0800022c   Section        0  __rtentry2.o(.ARM.Collect$$rtentry$$0000000C)
    .ARM.Collect$$rtentry$$0000000D          0x0800022c   Section        8  __rtentry2.o(.ARM.Collect$$rtentry$$0000000D)
    .ARM.Collect$$rtexit$$00000000           0x08000234   Section        2  rtexit.o(.ARM.Collect$$rtexit$$00000000)
    .ARM.Collect$$rtexit$$00000002           0x08000236   Section        0  rtexit2.o(.ARM.Collect$$rtexit$$00000002)
    .ARM.Collect$$rtexit$$00000003           0x08000236   Section        4  rtexit2.o(.ARM.Collect$$rtexit$$00000003)
    .ARM.Collect$$rtexit$$00000004           0x0800023a   Section        6  rtexit2.o(.ARM.Collect$$rtexit$$00000004)
    .text                                    0x08000240   Section        0  main.o(.text)
    .text                                    0x0800033c   Section        0  stm32f4xx_it.o(.text)
    .text                                    0x08000358   Section        0  system_stm32f4xx.o(.text)
    SetSysClock                              0x08000359   Thumb Code   220  system_stm32f4xx.o(.text)
    .text                                    0x08000568   Section        0  pwm.o(.text)
    .text                                    0x08000684   Section        0  car_control.o(.text)
    .text                                    0x08000964   Section        0  led.o(.text)
    .text                                    0x080009a4   Section        0  obstacle_avoid.o(.text)
    .text                                    0x08000dbc   Section        0  trace.o(.text)
    .text                                    0x08000eb4   Section        0  remote_ctr.o(.text)
    .text                                    0x08000eb6   Section        0  bluetooth_ctr.o(.text)
    .text                                    0x08000eb8   Section        0  delay.o(.text)
    .text                                    0x08000fbc   Section        0  usart.o(.text)
    .text                                    0x08001108   Section       64  startup_stm32f40_41xxx.o(.text)
    $v0                                      0x08001108   Number         0  startup_stm32f40_41xxx.o(.text)
    .text                                    0x08001148   Section        0  misc.o(.text)
    .text                                    0x08001228   Section        0  stm32f4xx_gpio.o(.text)
    .text                                    0x080014bc   Section        0  stm32f4xx_usart.o(.text)
    .text                                    0x08001910   Section        0  stm32f4xx_tim.o(.text)
    TI4_Config                               0x080020af   Thumb Code    80  stm32f4xx_tim.o(.text)
    TI3_Config                               0x08002111   Thumb Code    72  stm32f4xx_tim.o(.text)
    TI2_Config                               0x08002173   Thumb Code    90  stm32f4xx_tim.o(.text)
    TI1_Config                               0x080021df   Thumb Code    58  stm32f4xx_tim.o(.text)
    .text                                    0x080025b4   Section        0  stm32f4xx_syscfg.o(.text)
    .text                                    0x08002648   Section        0  stm32f4xx_rcc.o(.text)
    .text                                    0x08002ca4   Section        0  stm32f4xx_exti.o(.text)
    .text                                    0x08002db4   Section        2  use_no_semi_2.o(.text)
    .text                                    0x08002db8   Section        0  noretval__2printf.o(.text)
    .text                                    0x08002dd0   Section        0  __printf.o(.text)
    .text                                    0x08002e38   Section        0  heapauxi.o(.text)
    .text                                    0x08002e3e   Section        2  use_no_semi.o(.text)
    .text                                    0x08002e40   Section        0  _printf_fp_dec.o(.text)
    _fp_digits                               0x08002e43   Thumb Code   428  _printf_fp_dec.o(.text)
    .text                                    0x0800325c   Section        0  _printf_char_file.o(.text)
    .text                                    0x08003280   Section        8  rt_locale_intlibspace.o(.text)
    .text                                    0x08003288   Section      138  lludiv10.o(.text)
    .text                                    0x08003314   Section        0  _printf_char_common.o(.text)
    _printf_input_char                       0x08003315   Thumb Code    10  _printf_char_common.o(.text)
    .text                                    0x08003344   Section        0  _printf_fp_infnan.o(.text)
    .text                                    0x080033c4   Section        0  bigflt0.o(.text)
    .text                                    0x080034a0   Section        0  ferror.o(.text)
    .text                                    0x080034a8   Section        8  libspace.o(.text)
    .text                                    0x080034b0   Section       74  sys_stackheap_outer.o(.text)
    .text                                    0x080034fa   Section        0  exit.o(.text)
    .text                                    0x08003508   Section      128  strcmpv7m.o(.text)
    CL$$btod_d2e                             0x08003588   Section       62  btod.o(CL$$btod_d2e)
    CL$$btod_d2e_denorm_low                  0x080035c6   Section       70  btod.o(CL$$btod_d2e_denorm_low)
    CL$$btod_d2e_norm_op1                    0x0800360c   Section       96  btod.o(CL$$btod_d2e_norm_op1)
    CL$$btod_div_common                      0x0800366c   Section      824  btod.o(CL$$btod_div_common)
    CL$$btod_e2e                             0x080039a4   Section      198  btod.o(CL$$btod_e2e)
    CL$$btod_ediv                            0x08003a6a   Section       40  btod.o(CL$$btod_ediv)
    CL$$btod_emul                            0x08003a92   Section       40  btod.o(CL$$btod_emul)
    CL$$btod_mult_common                     0x08003aba   Section      580  btod.o(CL$$btod_mult_common)
    i.__ARM_fpclassify                       0x08003cfe   Section        0  fpclassify.o(i.__ARM_fpclassify)
    locale$$code                             0x08003d30   Section       44  lc_numeric_c.o(locale$$code)
    x$fpl$d2f                                0x08003d5c   Section       98  d2f.o(x$fpl$d2f)
    $v0                                      0x08003d5c   Number         0  d2f.o(x$fpl$d2f)
    x$fpl$ddiv                               0x08003dc0   Section      688  ddiv.o(x$fpl$ddiv)
    $v0                                      0x08003dc0   Number         0  ddiv.o(x$fpl$ddiv)
    ddiv_entry                               0x08003dc7   Thumb Code     0  ddiv.o(x$fpl$ddiv)
    x$fpl$dnaninf                            0x08004070   Section      156  dnaninf.o(x$fpl$dnaninf)
    $v0                                      0x08004070   Number         0  dnaninf.o(x$fpl$dnaninf)
    x$fpl$dretinf                            0x0800410c   Section       12  dretinf.o(x$fpl$dretinf)
    $v0                                      0x0800410c   Number         0  dretinf.o(x$fpl$dretinf)
    x$fpl$f2d                                0x08004118   Section       86  f2d.o(x$fpl$f2d)
    $v0                                      0x08004118   Number         0  f2d.o(x$fpl$f2d)
    x$fpl$fnaninf                            0x0800416e   Section      140  fnaninf.o(x$fpl$fnaninf)
    $v0                                      0x0800416e   Number         0  fnaninf.o(x$fpl$fnaninf)
    x$fpl$fpinit                             0x080041fa   Section       10  fpinit.o(x$fpl$fpinit)
    $v0                                      0x080041fa   Number         0  fpinit.o(x$fpl$fpinit)
    x$fpl$fretinf                            0x08004204   Section       10  fretinf.o(x$fpl$fretinf)
    $v0                                      0x08004204   Number         0  fretinf.o(x$fpl$fretinf)
    x$fpl$printf1                            0x0800420e   Section        4  printf1.o(x$fpl$printf1)
    $v0                                      0x0800420e   Number         0  printf1.o(x$fpl$printf1)
    x$fpl$usenofp                            0x08004212   Section        0  usenofp.o(x$fpl$usenofp)
    .constdata                               0x08004214   Section      148  bigflt0.o(.constdata)
    tenpwrs_x                                0x08004214   Data          60  bigflt0.o(.constdata)
    tenpwrs_i                                0x08004250   Data          64  bigflt0.o(.constdata)
    locale$$data                             0x080042c8   Section       28  lc_numeric_c.o(locale$$data)
    __lcnum_c_name                           0x080042cc   Data           2  lc_numeric_c.o(locale$$data)
    __lcnum_c_start                          0x080042d4   Data           0  lc_numeric_c.o(locale$$data)
    __lcnum_c_point                          0x080042e0   Data           0  lc_numeric_c.o(locale$$data)
    __lcnum_c_thousands                      0x080042e2   Data           0  lc_numeric_c.o(locale$$data)
    __lcnum_c_grouping                       0x080042e3   Data           0  lc_numeric_c.o(locale$$data)
    __lcnum_c_end                            0x080042e4   Data           0  lc_numeric_c.o(locale$$data)
    .data                                    0x20000000   Section        2  main.o(.data)
    .data                                    0x20000004   Section       20  system_stm32f4xx.o(.data)
    .data                                    0x20000018   Section        4  obstacle_avoid.o(.data)
    .data                                    0x2000001c   Section        1  trace.o(.data)
    trace_up                                 0x2000001c   Data           1  trace.o(.data)
    .data                                    0x2000001e   Section        4  delay.o(.data)
    fac_us                                   0x2000001e   Data           1  delay.o(.data)
    fac_ms                                   0x20000020   Data           2  delay.o(.data)
    .data                                    0x20000024   Section        6  usart.o(.data)
    .data                                    0x2000002a   Section       16  stm32f4xx_rcc.o(.data)
    APBAHBPrescTable                         0x2000002a   Data          16  stm32f4xx_rcc.o(.data)
    .bss                                     0x2000003c   Section      200  usart.o(.bss)
    .bss                                     0x20000104   Section       96  libspace.o(.bss)
    HEAP                                     0x20000168   Section      512  startup_stm32f40_41xxx.o(HEAP)
    Heap_Mem                                 0x20000168   Data         512  startup_stm32f40_41xxx.o(HEAP)
    STACK                                    0x20000368   Section     1024  startup_stm32f40_41xxx.o(STACK)
    Stack_Mem                                0x20000368   Data        1024  startup_stm32f40_41xxx.o(STACK)
    __initial_sp                             0x20000768   Data           0  startup_stm32f40_41xxx.o(STACK)

    Global Symbols

    Symbol Name                              Value     Ov Type        Size  Object(Section)

    BuildAttributes$$THM_ISAv4$E$P$D$K$B$S$7EM$VFPi3$EXTD16$VFPS$VFMA$PE$A:L22UL41UL21$X:L11$S22US41US21$IEEE1$IW$USESV6$~STKCKD$USESV7$~SHL$OTIME$ROPI$IEEEJ$EBA8$UX$STANDARDLIB$REQ8$PRES8$EABIv2 0x00000000   Number         0  anon$$obj.o ABSOLUTE
    __ARM_use_no_argv                        0x00000000   Number         0  main.o ABSOLUTE
    __ARM_exceptions_init                     - Undefined Weak Reference
    __alloca_initialize                       - Undefined Weak Reference
    __arm_preinit_                            - Undefined Weak Reference
    __cpp_initialize__aeabi_                  - Undefined Weak Reference
    __cxa_finalize                            - Undefined Weak Reference
    __sigvec_lookup                           - Undefined Weak Reference
    _atexit_init                              - Undefined Weak Reference
    _call_atexit_fns                          - Undefined Weak Reference
    _clock_init                               - Undefined Weak Reference
    _fp_trap_init                             - Undefined Weak Reference
    _fp_trap_shutdown                         - Undefined Weak Reference
    _get_lc_collate                           - Undefined Weak Reference
    _get_lc_ctype                             - Undefined Weak Reference
    _get_lc_monetary                          - Undefined Weak Reference
    _get_lc_time                              - Undefined Weak Reference
    _getenv_init                              - Undefined Weak Reference
    _handle_redirection                       - Undefined Weak Reference
    _init_alloc                               - Undefined Weak Reference
    _init_user_alloc                          - Undefined Weak Reference
    _initio                                   - Undefined Weak Reference
    _mutex_acquire                            - Undefined Weak Reference
    _mutex_release                            - Undefined Weak Reference
    _printf_post_padding                      - Undefined Weak Reference
    _printf_pre_padding                       - Undefined Weak Reference
    _printf_truncate_unsigned                 - Undefined Weak Reference
    _rand_init                                - Undefined Weak Reference
    _signal_finish                            - Undefined Weak Reference
    _signal_init                              - Undefined Weak Reference
    _terminate_alloc                          - Undefined Weak Reference
    _terminate_user_alloc                     - Undefined Weak Reference
    _terminateio                              - Undefined Weak Reference
    __Vectors_Size                           0x00000188   Number         0  startup_stm32f40_41xxx.o ABSOLUTE
    __Vectors                                0x08000000   Data           4  startup_stm32f40_41xxx.o(RESET)
    __Vectors_End                            0x08000188   Data           0  startup_stm32f40_41xxx.o(RESET)
    __main                                   0x08000189   Thumb Code     8  __main.o(!!!main)
    __scatterload                            0x08000191   Thumb Code     0  __scatter.o(!!!scatter)
    __scatterload_rt2                        0x08000191   Thumb Code    44  __scatter.o(!!!scatter)
    __scatterload_rt2_thumb_only             0x08000191   Thumb Code     0  __scatter.o(!!!scatter)
    __scatterload_null                       0x0800019f   Thumb Code     0  __scatter.o(!!!scatter)
    __scatterload_copy                       0x080001c5   Thumb Code    26  __scatter_copy.o(!!handler_copy)
    __scatterload_zeroinit                   0x080001e1   Thumb Code    28  __scatter_zi.o(!!handler_zi)
    _printf_f                                0x080001fd   Thumb Code     0  _printf_f.o(.ARM.Collect$$_printf_percent$$00000003)
    _printf_percent                          0x080001fd   Thumb Code     0  _printf_percent.o(.ARM.Collect$$_printf_percent$$00000000)
    _printf_percent_end                      0x08000203   Thumb Code     0  _printf_percent_end.o(.ARM.Collect$$_printf_percent$$00000017)
    __rt_lib_init                            0x08000207   Thumb Code     0  libinit.o(.ARM.Collect$$libinit$$00000000)
    __rt_lib_init_fp_1                       0x08000209   Thumb Code     0  libinit2.o(.ARM.Collect$$libinit$$00000001)
    __rt_lib_init_heap_1                     0x0800020d   Thumb Code     0  libinit2.o(.ARM.Collect$$libinit$$0000000A)
    __rt_lib_init_lc_common                  0x0800020d   Thumb Code     0  libinit2.o(.ARM.Collect$$libinit$$0000000F)
    __rt_lib_init_preinit_1                  0x0800020d   Thumb Code     0  libinit2.o(.ARM.Collect$$libinit$$00000004)
    __rt_lib_init_rand_1                     0x0800020d   Thumb Code     0  libinit2.o(.ARM.Collect$$libinit$$0000000E)
    __rt_lib_init_user_alloc_1               0x0800020d   Thumb Code     0  libinit2.o(.ARM.Collect$$libinit$$0000000C)
    __rt_lib_init_lc_collate_1               0x08000213   Thumb Code     0  libinit2.o(.ARM.Collect$$libinit$$00000011)
    __rt_lib_init_lc_ctype_1                 0x08000213   Thumb Code     0  libinit2.o(.ARM.Collect$$libinit$$00000013)
    __rt_lib_init_lc_monetary_1              0x08000213   Thumb Code     0  libinit2.o(.ARM.Collect$$libinit$$00000015)
    __rt_lib_init_lc_numeric_2               0x08000213   Thumb Code     0  libinit2.o(.ARM.Collect$$libinit$$00000016)
    __rt_lib_init_alloca_1                   0x0800021d   Thumb Code     0  libinit2.o(.ARM.Collect$$libinit$$0000002E)
    __rt_lib_init_argv_1                     0x0800021d   Thumb Code     0  libinit2.o(.ARM.Collect$$libinit$$0000002C)
    __rt_lib_init_atexit_1                   0x0800021d   Thumb Code     0  libinit2.o(.ARM.Collect$$libinit$$0000001B)
    __rt_lib_init_clock_1                    0x0800021d   Thumb Code     0  libinit2.o(.ARM.Collect$$libinit$$00000021)
    __rt_lib_init_cpp_1                      0x0800021d   Thumb Code     0  libinit2.o(.ARM.Collect$$libinit$$00000032)
    __rt_lib_init_exceptions_1               0x0800021d   Thumb Code     0  libinit2.o(.ARM.Collect$$libinit$$00000030)
    __rt_lib_init_fp_trap_1                  0x0800021d   Thumb Code     0  libinit2.o(.ARM.Collect$$libinit$$0000001F)
    __rt_lib_init_getenv_1                   0x0800021d   Thumb Code     0  libinit2.o(.ARM.Collect$$libinit$$00000023)
    __rt_lib_init_lc_numeric_1               0x0800021d   Thumb Code     0  libinit2.o(.ARM.Collect$$libinit$$00000017)
    __rt_lib_init_lc_time_1                  0x0800021d   Thumb Code     0  libinit2.o(.ARM.Collect$$libinit$$00000019)
    __rt_lib_init_return                     0x0800021d   Thumb Code     0  libinit2.o(.ARM.Collect$$libinit$$00000033)
    __rt_lib_init_signal_1                   0x0800021d   Thumb Code     0  libinit2.o(.ARM.Collect$$libinit$$0000001D)
    __rt_lib_init_stdio_1                    0x0800021d   Thumb Code     0  libinit2.o(.ARM.Collect$$libinit$$00000025)
    __rt_lib_shutdown                        0x0800021f   Thumb Code     0  libshutdown.o(.ARM.Collect$$libshutdown$$00000000)
    __rt_lib_shutdown_fp_trap_1              0x08000221   Thumb Code     0  libshutdown2.o(.ARM.Collect$$libshutdown$$00000006)
    __rt_lib_shutdown_heap_1                 0x08000221   Thumb Code     0  libshutdown2.o(.ARM.Collect$$libshutdown$$0000000E)
    __rt_lib_shutdown_return                 0x08000221   Thumb Code     0  libshutdown2.o(.ARM.Collect$$libshutdown$$0000000F)
    __rt_lib_shutdown_signal_1               0x08000221   Thumb Code     0  libshutdown2.o(.ARM.Collect$$libshutdown$$00000009)
    __rt_lib_shutdown_stdio_1                0x08000221   Thumb Code     0  libshutdown2.o(.ARM.Collect$$libshutdown$$00000003)
    __rt_lib_shutdown_user_alloc_1           0x08000221   Thumb Code     0  libshutdown2.o(.ARM.Collect$$libshutdown$$0000000B)
    __rt_entry                               0x08000223   Thumb Code     0  __rtentry.o(.ARM.Collect$$rtentry$$00000000)
    __rt_entry_presh_1                       0x08000223   Thumb Code     0  __rtentry2.o(.ARM.Collect$$rtentry$$00000002)
    __rt_entry_sh                            0x08000223   Thumb Code     0  __rtentry4.o(.ARM.Collect$$rtentry$$00000004)
    __rt_entry_li                            0x08000229   Thumb Code     0  __rtentry2.o(.ARM.Collect$$rtentry$$0000000A)
    __rt_entry_postsh_1                      0x08000229   Thumb Code     0  __rtentry2.o(.ARM.Collect$$rtentry$$00000009)
    __rt_entry_main                          0x0800022d   Thumb Code     0  __rtentry2.o(.ARM.Collect$$rtentry$$0000000D)
    __rt_entry_postli_1                      0x0800022d   Thumb Code     0  __rtentry2.o(.ARM.Collect$$rtentry$$0000000C)
    __rt_exit                                0x08000235   Thumb Code     0  rtexit.o(.ARM.Collect$$rtexit$$00000000)
    __rt_exit_ls                             0x08000237   Thumb Code     0  rtexit2.o(.ARM.Collect$$rtexit$$00000003)
    __rt_exit_prels_1                        0x08000237   Thumb Code     0  rtexit2.o(.ARM.Collect$$rtexit$$00000002)
    __rt_exit_exit                           0x0800023b   Thumb Code     0  rtexit2.o(.ARM.Collect$$rtexit$$00000004)
    main                                     0x08000241   Thumb Code   234  main.o(.text)
    NMI_Handler                              0x0800033d   Thumb Code     2  stm32f4xx_it.o(.text)
    HardFault_Handler                        0x0800033f   Thumb Code     4  stm32f4xx_it.o(.text)
    MemManage_Handler                        0x08000343   Thumb Code     4  stm32f4xx_it.o(.text)
    BusFault_Handler                         0x08000347   Thumb Code     4  stm32f4xx_it.o(.text)
    UsageFault_Handler                       0x0800034b   Thumb Code     4  stm32f4xx_it.o(.text)
    SVC_Handler                              0x0800034f   Thumb Code     2  stm32f4xx_it.o(.text)
    DebugMon_Handler                         0x08000351   Thumb Code     2  stm32f4xx_it.o(.text)
    PendSV_Handler                           0x08000353   Thumb Code     2  stm32f4xx_it.o(.text)
    SysTick_Handler                          0x08000355   Thumb Code     2  stm32f4xx_it.o(.text)
    SystemInit                               0x08000435   Thumb Code    88  system_stm32f4xx.o(.text)
    SystemCoreClockUpdate                    0x0800048d   Thumb Code   174  system_stm32f4xx.o(.text)
    TIM3_PWM_Init                            0x08000569   Thumb Code   270  pwm.o(.text)
    CAR_Init                                 0x08000685   Thumb Code    60  car_control.o(.text)
    stop                                     0x080006c1   Thumb Code    76  car_control.o(.text)
    Mode_select                              0x0800070d   Thumb Code    62  car_control.o(.text)
    gear_trans                               0x0800074b   Thumb Code    50  car_control.o(.text)
    drive                                    0x0800077d   Thumb Code   118  car_control.o(.text)
    reverse                                  0x080007f3   Thumb Code   118  car_control.o(.text)
    left_move                                0x08000869   Thumb Code   122  car_control.o(.text)
    right_move                               0x080008e3   Thumb Code   122  car_control.o(.text)
    LED_Init                                 0x08000965   Thumb Code    60  led.o(.text)
    TIM4_PWM_Init                            0x080009a5   Thumb Code   138  obstacle_avoid.o(.text)
    HCSR04_Init                              0x08000a2f   Thumb Code   322  obstacle_avoid.o(.text)
    HCSR04_StartMeasure                      0x08000b71   Thumb Code    32  obstacle_avoid.o(.text)
    HCSR04_GetDistance                       0x08000b91   Thumb Code    72  obstacle_avoid.o(.text)
    TIM2_IRQHandler                          0x08000bd9   Thumb Code    22  obstacle_avoid.o(.text)
    TIM5_IRQHandler                          0x08000bef   Thumb Code    26  obstacle_avoid.o(.text)
    EXTI3_IRQHandler                         0x08000c09   Thumb Code   122  obstacle_avoid.o(.text)
    Obstacle_avoid                           0x08000c83   Thumb Code   242  obstacle_avoid.o(.text)
    Trace_Init                               0x08000dbd   Thumb Code    48  trace.o(.text)
    TRACE_Scan                               0x08000ded   Thumb Code   192  trace.o(.text)
    Remote_Ctr_Init                          0x08000eb5   Thumb Code     2  remote_ctr.o(.text)
    Bluetooth_Ctr_Init                       0x08000eb7   Thumb Code     2  bluetooth_ctr.o(.text)
    delay_init                               0x08000eb9   Thumb Code    52  delay.o(.text)
    delay_us                                 0x08000eed   Thumb Code    72  delay.o(.text)
    delay_xms                                0x08000f35   Thumb Code    72  delay.o(.text)
    delay_ms                                 0x08000f7d   Thumb Code    56  delay.o(.text)
    _sys_exit                                0x08000fbd   Thumb Code     6  usart.o(.text)
    fputc                                    0x08000fc3   Thumb Code    22  usart.o(.text)
    uart_init                                0x08000fd9   Thumb Code   164  usart.o(.text)
    USART1_IRQHandler                        0x0800107d   Thumb Code   122  usart.o(.text)
    Reset_Handler                            0x08001109   Thumb Code     8  startup_stm32f40_41xxx.o(.text)
    ADC_IRQHandler                           0x08001123   Thumb Code     0  startup_stm32f40_41xxx.o(.text)
    CAN1_RX0_IRQHandler                      0x08001123   Thumb Code     0  startup_stm32f40_41xxx.o(.text)
    CAN1_RX1_IRQHandler                      0x08001123   Thumb Code     0  startup_stm32f40_41xxx.o(.text)
    CAN1_SCE_IRQHandler                      0x08001123   Thumb Code     0  startup_stm32f40_41xxx.o(.text)
    CAN1_TX_IRQHandler                       0x08001123   Thumb Code     0  startup_stm32f40_41xxx.o(.text)
    CAN2_RX0_IRQHandler                      0x08001123   Thumb Code     0  startup_stm32f40_41xxx.o(.text)
    CAN2_RX1_IRQHandler                      0x08001123   Thumb Code     0  startup_stm32f40_41xxx.o(.text)
    CAN2_SCE_IRQHandler                      0x08001123   Thumb Code     0  startup_stm32f40_41xxx.o(.text)
    CAN2_TX_IRQHandler                       0x08001123   Thumb Code     0  startup_stm32f40_41xxx.o(.text)
    CRYP_IRQHandler                          0x08001123   Thumb Code     0  startup_stm32f40_41xxx.o(.text)
    DCMI_IRQHandler                          0x08001123   Thumb Code     0  startup_stm32f40_41xxx.o(.text)
    DMA1_Stream0_IRQHandler                  0x08001123   Thumb Code     0  startup_stm32f40_41xxx.o(.text)
    DMA1_Stream1_IRQHandler                  0x08001123   Thumb Code     0  startup_stm32f40_41xxx.o(.text)
    DMA1_Stream2_IRQHandler                  0x08001123   Thumb Code     0  startup_stm32f40_41xxx.o(.text)
    DMA1_Stream3_IRQHandler                  0x08001123   Thumb Code     0  startup_stm32f40_41xxx.o(.text)
    DMA1_Stream4_IRQHandler                  0x08001123   Thumb Code     0  startup_stm32f40_41xxx.o(.text)
    DMA1_Stream5_IRQHandler                  0x08001123   Thumb Code     0  startup_stm32f40_41xxx.o(.text)
    DMA1_Stream6_IRQHandler                  0x08001123   Thumb Code     0  startup_stm32f40_41xxx.o(.text)
    DMA1_Stream7_IRQHandler                  0x08001123   Thumb Code     0  startup_stm32f40_41xxx.o(.text)
    DMA2_Stream0_IRQHandler                  0x08001123   Thumb Code     0  startup_stm32f40_41xxx.o(.text)
    DMA2_Stream1_IRQHandler                  0x08001123   Thumb Code     0  startup_stm32f40_41xxx.o(.text)
    DMA2_Stream2_IRQHandler                  0x08001123   Thumb Code     0  startup_stm32f40_41xxx.o(.text)
    DMA2_Stream3_IRQHandler                  0x08001123   Thumb Code     0  startup_stm32f40_41xxx.o(.text)
    DMA2_Stream4_IRQHandler                  0x08001123   Thumb Code     0  startup_stm32f40_41xxx.o(.text)
    DMA2_Stream5_IRQHandler                  0x08001123   Thumb Code     0  startup_stm32f40_41xxx.o(.text)
    DMA2_Stream6_IRQHandler                  0x08001123   Thumb Code     0  startup_stm32f40_41xxx.o(.text)
    DMA2_Stream7_IRQHandler                  0x08001123   Thumb Code     0  startup_stm32f40_41xxx.o(.text)
    ETH_IRQHandler                           0x08001123   Thumb Code     0  startup_stm32f40_41xxx.o(.text)
    ETH_WKUP_IRQHandler                      0x08001123   Thumb Code     0  startup_stm32f40_41xxx.o(.text)
    EXTI0_IRQHandler                         0x08001123   Thumb Code     0  startup_stm32f40_41xxx.o(.text)
    EXTI15_10_IRQHandler                     0x08001123   Thumb Code     0  startup_stm32f40_41xxx.o(.text)
    EXTI1_IRQHandler                         0x08001123   Thumb Code     0  startup_stm32f40_41xxx.o(.text)
    EXTI2_IRQHandler                         0x08001123   Thumb Code     0  startup_stm32f40_41xxx.o(.text)
    EXTI4_IRQHandler                         0x08001123   Thumb Code     0  startup_stm32f40_41xxx.o(.text)
    EXTI9_5_IRQHandler                       0x08001123   Thumb Code     0  startup_stm32f40_41xxx.o(.text)
    FLASH_IRQHandler                         0x08001123   Thumb Code     0  startup_stm32f40_41xxx.o(.text)
    FPU_IRQHandler                           0x08001123   Thumb Code     0  startup_stm32f40_41xxx.o(.text)
    FSMC_IRQHandler                          0x08001123   Thumb Code     0  startup_stm32f40_41xxx.o(.text)
    HASH_RNG_IRQHandler                      0x08001123   Thumb Code     0  startup_stm32f40_41xxx.o(.text)
    I2C1_ER_IRQHandler                       0x08001123   Thumb Code     0  startup_stm32f40_41xxx.o(.text)
    I2C1_EV_IRQHandler                       0x08001123   Thumb Code     0  startup_stm32f40_41xxx.o(.text)
    I2C2_ER_IRQHandler                       0x08001123   Thumb Code     0  startup_stm32f40_41xxx.o(.text)
    I2C2_EV_IRQHandler                       0x08001123   Thumb Code     0  startup_stm32f40_41xxx.o(.text)
    I2C3_ER_IRQHandler                       0x08001123   Thumb Code     0  startup_stm32f40_41xxx.o(.text)
    I2C3_EV_IRQHandler                       0x08001123   Thumb Code     0  startup_stm32f40_41xxx.o(.text)
    OTG_FS_IRQHandler                        0x08001123   Thumb Code     0  startup_stm32f40_41xxx.o(.text)
    OTG_FS_WKUP_IRQHandler                   0x08001123   Thumb Code     0  startup_stm32f40_41xxx.o(.text)
    OTG_HS_EP1_IN_IRQHandler                 0x08001123   Thumb Code     0  startup_stm32f40_41xxx.o(.text)
    OTG_HS_EP1_OUT_IRQHandler                0x08001123   Thumb Code     0  startup_stm32f40_41xxx.o(.text)
    OTG_HS_IRQHandler                        0x08001123   Thumb Code     0  startup_stm32f40_41xxx.o(.text)
    OTG_HS_WKUP_IRQHandler                   0x08001123   Thumb Code     0  startup_stm32f40_41xxx.o(.text)
    PVD_IRQHandler                           0x08001123   Thumb Code     0  startup_stm32f40_41xxx.o(.text)
    RCC_IRQHandler                           0x08001123   Thumb Code     0  startup_stm32f40_41xxx.o(.text)
    RTC_Alarm_IRQHandler                     0x08001123   Thumb Code     0  startup_stm32f40_41xxx.o(.text)
    RTC_WKUP_IRQHandler                      0x08001123   Thumb Code     0  startup_stm32f40_41xxx.o(.text)
    SDIO_IRQHandler                          0x08001123   Thumb Code     0  startup_stm32f40_41xxx.o(.text)
    SPI1_IRQHandler                          0x08001123   Thumb Code     0  startup_stm32f40_41xxx.o(.text)
    SPI2_IRQHandler                          0x08001123   Thumb Code     0  startup_stm32f40_41xxx.o(.text)
    SPI3_IRQHandler                          0x08001123   Thumb Code     0  startup_stm32f40_41xxx.o(.text)
    TAMP_STAMP_IRQHandler                    0x08001123   Thumb Code     0  startup_stm32f40_41xxx.o(.text)
    TIM1_BRK_TIM9_IRQHandler                 0x08001123   Thumb Code     0  startup_stm32f40_41xxx.o(.text)
    TIM1_CC_IRQHandler                       0x08001123   Thumb Code     0  startup_stm32f40_41xxx.o(.text)
    TIM1_TRG_COM_TIM11_IRQHandler            0x08001123   Thumb Code     0  startup_stm32f40_41xxx.o(.text)
    TIM1_UP_TIM10_IRQHandler                 0x08001123   Thumb Code     0  startup_stm32f40_41xxx.o(.text)
    TIM3_IRQHandler                          0x08001123   Thumb Code     0  startup_stm32f40_41xxx.o(.text)
    TIM4_IRQHandler                          0x08001123   Thumb Code     0  startup_stm32f40_41xxx.o(.text)
    TIM6_DAC_IRQHandler                      0x08001123   Thumb Code     0  startup_stm32f40_41xxx.o(.text)
    TIM7_IRQHandler                          0x08001123   Thumb Code     0  startup_stm32f40_41xxx.o(.text)
    TIM8_BRK_TIM12_IRQHandler                0x08001123   Thumb Code     0  startup_stm32f40_41xxx.o(.text)
    TIM8_CC_IRQHandler                       0x08001123   Thumb Code     0  startup_stm32f40_41xxx.o(.text)
    TIM8_TRG_COM_TIM14_IRQHandler            0x08001123   Thumb Code     0  startup_stm32f40_41xxx.o(.text)
    TIM8_UP_TIM13_IRQHandler                 0x08001123   Thumb Code     0  startup_stm32f40_41xxx.o(.text)
    UART4_IRQHandler                         0x08001123   Thumb Code     0  startup_stm32f40_41xxx.o(.text)
    UART5_IRQHandler                         0x08001123   Thumb Code     0  startup_stm32f40_41xxx.o(.text)
    USART2_IRQHandler                        0x08001123   Thumb Code     0  startup_stm32f40_41xxx.o(.text)
    USART3_IRQHandler                        0x08001123   Thumb Code     0  startup_stm32f40_41xxx.o(.text)
    USART6_IRQHandler                        0x08001123   Thumb Code     0  startup_stm32f40_41xxx.o(.text)
    WWDG_IRQHandler                          0x08001123   Thumb Code     0  startup_stm32f40_41xxx.o(.text)
    __user_initial_stackheap                 0x08001125   Thumb Code     0  startup_stm32f40_41xxx.o(.text)
    NVIC_PriorityGroupConfig                 0x08001149   Thumb Code    10  misc.o(.text)
    NVIC_Init                                0x08001153   Thumb Code   106  misc.o(.text)
    NVIC_SetVectorTable                      0x080011bd   Thumb Code    14  misc.o(.text)
    NVIC_SystemLPConfig                      0x080011cb   Thumb Code    34  misc.o(.text)
    SysTick_CLKSourceConfig                  0x080011ed   Thumb Code    40  misc.o(.text)
    GPIO_DeInit                              0x08001229   Thumb Code   268  stm32f4xx_gpio.o(.text)
    GPIO_Init                                0x08001335   Thumb Code   144  stm32f4xx_gpio.o(.text)
    GPIO_StructInit                          0x080013c5   Thumb Code    18  stm32f4xx_gpio.o(.text)
    GPIO_PinLockConfig                       0x080013d7   Thumb Code    34  stm32f4xx_gpio.o(.text)
    GPIO_ReadInputDataBit                    0x080013f9   Thumb Code    18  stm32f4xx_gpio.o(.text)
    GPIO_ReadInputData                       0x0800140b   Thumb Code     8  stm32f4xx_gpio.o(.text)
    GPIO_ReadOutputDataBit                   0x08001413   Thumb Code    18  stm32f4xx_gpio.o(.text)
    GPIO_ReadOutputData                      0x08001425   Thumb Code     8  stm32f4xx_gpio.o(.text)
    GPIO_SetBits                             0x0800142d   Thumb Code     4  stm32f4xx_gpio.o(.text)
    GPIO_ResetBits                           0x08001431   Thumb Code     4  stm32f4xx_gpio.o(.text)
    GPIO_WriteBit                            0x08001435   Thumb Code    10  stm32f4xx_gpio.o(.text)
    GPIO_Write                               0x0800143f   Thumb Code     4  stm32f4xx_gpio.o(.text)
    GPIO_ToggleBits                          0x08001443   Thumb Code     8  stm32f4xx_gpio.o(.text)
    GPIO_PinAFConfig                         0x0800144b   Thumb Code    70  stm32f4xx_gpio.o(.text)
    USART_DeInit                             0x080014bd   Thumb Code   206  stm32f4xx_usart.o(.text)
    USART_Init                               0x0800158b   Thumb Code   204  stm32f4xx_usart.o(.text)
    USART_StructInit                         0x08001657   Thumb Code    24  stm32f4xx_usart.o(.text)
    USART_ClockInit                          0x0800166f   Thumb Code    32  stm32f4xx_usart.o(.text)
    USART_ClockStructInit                    0x0800168f   Thumb Code    12  stm32f4xx_usart.o(.text)
    USART_Cmd                                0x0800169b   Thumb Code    24  stm32f4xx_usart.o(.text)
    USART_SetPrescaler                       0x080016b3   Thumb Code    16  stm32f4xx_usart.o(.text)
    USART_OverSampling8Cmd                   0x080016c3   Thumb Code    22  stm32f4xx_usart.o(.text)
    USART_OneBitMethodCmd                    0x080016d9   Thumb Code    24  stm32f4xx_usart.o(.text)
    USART_SendData                           0x080016f1   Thumb Code     8  stm32f4xx_usart.o(.text)
    USART_ReceiveData                        0x080016f9   Thumb Code    10  stm32f4xx_usart.o(.text)
    USART_SetAddress                         0x08001703   Thumb Code    18  stm32f4xx_usart.o(.text)
    USART_ReceiverWakeUpCmd                  0x08001715   Thumb Code    24  stm32f4xx_usart.o(.text)
    USART_WakeUpConfig                       0x0800172d   Thumb Code    18  stm32f4xx_usart.o(.text)
    USART_LINBreakDetectLengthConfig         0x0800173f   Thumb Code    18  stm32f4xx_usart.o(.text)
    USART_LINCmd                             0x08001751   Thumb Code    24  stm32f4xx_usart.o(.text)
    USART_SendBreak                          0x08001769   Thumb Code    10  stm32f4xx_usart.o(.text)
    USART_HalfDuplexCmd                      0x08001773   Thumb Code    24  stm32f4xx_usart.o(.text)
    USART_SetGuardTime                       0x0800178b   Thumb Code    16  stm32f4xx_usart.o(.text)
    USART_SmartCardCmd                       0x0800179b   Thumb Code    24  stm32f4xx_usart.o(.text)
    USART_SmartCardNACKCmd                   0x080017b3   Thumb Code    24  stm32f4xx_usart.o(.text)
    USART_IrDAConfig                         0x080017cb   Thumb Code    18  stm32f4xx_usart.o(.text)
    USART_IrDACmd                            0x080017dd   Thumb Code    24  stm32f4xx_usart.o(.text)
    USART_DMACmd                             0x080017f5   Thumb Code    18  stm32f4xx_usart.o(.text)
    USART_ITConfig                           0x08001807   Thumb Code    74  stm32f4xx_usart.o(.text)
    USART_GetFlagStatus                      0x08001851   Thumb Code    26  stm32f4xx_usart.o(.text)
    USART_ClearFlag                          0x0800186b   Thumb Code    18  stm32f4xx_usart.o(.text)
    USART_GetITStatus                        0x0800187d   Thumb Code   118  stm32f4xx_usart.o(.text)
    USART_ClearITPendingBit                  0x080018f3   Thumb Code    30  stm32f4xx_usart.o(.text)
    TIM_DeInit                               0x08001911   Thumb Code   346  stm32f4xx_tim.o(.text)
    TIM_TimeBaseInit                         0x08001a6b   Thumb Code   104  stm32f4xx_tim.o(.text)
    TIM_TimeBaseStructInit                   0x08001ad3   Thumb Code    18  stm32f4xx_tim.o(.text)
    TIM_PrescalerConfig                      0x08001ae5   Thumb Code     6  stm32f4xx_tim.o(.text)
    TIM_CounterModeConfig                    0x08001aeb   Thumb Code    18  stm32f4xx_tim.o(.text)
    TIM_SetCounter                           0x08001afd   Thumb Code     4  stm32f4xx_tim.o(.text)
    TIM_SetAutoreload                        0x08001b01   Thumb Code     4  stm32f4xx_tim.o(.text)
    TIM_GetCounter                           0x08001b05   Thumb Code     6  stm32f4xx_tim.o(.text)
    TIM_GetPrescaler                         0x08001b0b   Thumb Code     6  stm32f4xx_tim.o(.text)
    TIM_UpdateDisableConfig                  0x08001b11   Thumb Code    24  stm32f4xx_tim.o(.text)
    TIM_UpdateRequestConfig                  0x08001b29   Thumb Code    24  stm32f4xx_tim.o(.text)
    TIM_ARRPreloadConfig                     0x08001b41   Thumb Code    24  stm32f4xx_tim.o(.text)
    TIM_SelectOnePulseMode                   0x08001b59   Thumb Code    18  stm32f4xx_tim.o(.text)
    TIM_SetClockDivision                     0x08001b6b   Thumb Code    18  stm32f4xx_tim.o(.text)
    TIM_Cmd                                  0x08001b7d   Thumb Code    24  stm32f4xx_tim.o(.text)
    TIM_OC1Init                              0x08001b95   Thumb Code   114  stm32f4xx_tim.o(.text)
    TIM_OC2Init                              0x08001c07   Thumb Code   154  stm32f4xx_tim.o(.text)
    TIM_OC3Init                              0x08001ca1   Thumb Code   204  stm32f4xx_tim.o(.text)
    TIM_OC4Init                              0x08001d6d   Thumb Code   112  stm32f4xx_tim.o(.text)
    TIM_OCStructInit                         0x08001ddd   Thumb Code    20  stm32f4xx_tim.o(.text)
    TIM_SelectOCxM                           0x08001df1   Thumb Code    86  stm32f4xx_tim.o(.text)
    TIM_SetCompare1                          0x08001e47   Thumb Code     4  stm32f4xx_tim.o(.text)
    TIM_SetCompare2                          0x08001e4b   Thumb Code     4  stm32f4xx_tim.o(.text)
    TIM_SetCompare3                          0x08001e4f   Thumb Code     4  stm32f4xx_tim.o(.text)
    TIM_SetCompare4                          0x08001e53   Thumb Code     4  stm32f4xx_tim.o(.text)
    TIM_ForcedOC1Config                      0x08001e57   Thumb Code    18  stm32f4xx_tim.o(.text)
    TIM_ForcedOC2Config                      0x08001e69   Thumb Code    26  stm32f4xx_tim.o(.text)
    TIM_ForcedOC3Config                      0x08001e83   Thumb Code    18  stm32f4xx_tim.o(.text)
    TIM_ForcedOC4Config                      0x08001e95   Thumb Code    26  stm32f4xx_tim.o(.text)
    TIM_OC1PreloadConfig                     0x08001eaf   Thumb Code    18  stm32f4xx_tim.o(.text)
    TIM_OC2PreloadConfig                     0x08001ec1   Thumb Code    26  stm32f4xx_tim.o(.text)
    TIM_OC3PreloadConfig                     0x08001edb   Thumb Code    18  stm32f4xx_tim.o(.text)
    TIM_OC4PreloadConfig                     0x08001eed   Thumb Code    26  stm32f4xx_tim.o(.text)
    TIM_OC1FastConfig                        0x08001f07   Thumb Code    18  stm32f4xx_tim.o(.text)
    TIM_OC2FastConfig                        0x08001f19   Thumb Code    26  stm32f4xx_tim.o(.text)
    TIM_OC3FastConfig                        0x08001f33   Thumb Code    18  stm32f4xx_tim.o(.text)
    TIM_OC4FastConfig                        0x08001f45   Thumb Code    26  stm32f4xx_tim.o(.text)
    TIM_ClearOC1Ref                          0x08001f5f   Thumb Code    18  stm32f4xx_tim.o(.text)
    TIM_ClearOC2Ref                          0x08001f71   Thumb Code    24  stm32f4xx_tim.o(.text)
    TIM_ClearOC3Ref                          0x08001f89   Thumb Code    18  stm32f4xx_tim.o(.text)
    TIM_ClearOC4Ref                          0x08001f9b   Thumb Code    24  stm32f4xx_tim.o(.text)
    TIM_OC1PolarityConfig                    0x08001fb3   Thumb Code    18  stm32f4xx_tim.o(.text)
    TIM_OC1NPolarityConfig                   0x08001fc5   Thumb Code    18  stm32f4xx_tim.o(.text)
    TIM_OC2PolarityConfig                    0x08001fd7   Thumb Code    26  stm32f4xx_tim.o(.text)
    TIM_OC2NPolarityConfig                   0x08001ff1   Thumb Code    26  stm32f4xx_tim.o(.text)
    TIM_OC3PolarityConfig                    0x0800200b   Thumb Code    26  stm32f4xx_tim.o(.text)
    TIM_OC3NPolarityConfig                   0x08002025   Thumb Code    26  stm32f4xx_tim.o(.text)
    TIM_OC4PolarityConfig                    0x0800203f   Thumb Code    26  stm32f4xx_tim.o(.text)
    TIM_CCxCmd                               0x08002059   Thumb Code    30  stm32f4xx_tim.o(.text)
    TIM_CCxNCmd                              0x08002077   Thumb Code    30  stm32f4xx_tim.o(.text)
    TIM_SetIC4Prescaler                      0x08002095   Thumb Code    26  stm32f4xx_tim.o(.text)
    TIM_SetIC3Prescaler                      0x080020ff   Thumb Code    18  stm32f4xx_tim.o(.text)
    TIM_SetIC2Prescaler                      0x08002159   Thumb Code    26  stm32f4xx_tim.o(.text)
    TIM_SetIC1Prescaler                      0x080021cd   Thumb Code    18  stm32f4xx_tim.o(.text)
    TIM_ICInit                               0x08002219   Thumb Code   110  stm32f4xx_tim.o(.text)
    TIM_ICStructInit                         0x08002287   Thumb Code    18  stm32f4xx_tim.o(.text)
    TIM_PWMIConfig                           0x08002299   Thumb Code   124  stm32f4xx_tim.o(.text)
    TIM_GetCapture1                          0x08002315   Thumb Code     6  stm32f4xx_tim.o(.text)
    TIM_GetCapture2                          0x0800231b   Thumb Code     6  stm32f4xx_tim.o(.text)
    TIM_GetCapture3                          0x08002321   Thumb Code     6  stm32f4xx_tim.o(.text)
    TIM_GetCapture4                          0x08002327   Thumb Code     6  stm32f4xx_tim.o(.text)
    TIM_BDTRConfig                           0x0800232d   Thumb Code    32  stm32f4xx_tim.o(.text)
    TIM_BDTRStructInit                       0x0800234d   Thumb Code    18  stm32f4xx_tim.o(.text)
    TIM_CtrlPWMOutputs                       0x0800235f   Thumb Code    30  stm32f4xx_tim.o(.text)
    TIM_SelectCOM                            0x0800237d   Thumb Code    24  stm32f4xx_tim.o(.text)
    TIM_CCPreloadControl                     0x08002395   Thumb Code    24  stm32f4xx_tim.o(.text)
    TIM_ITConfig                             0x080023ad   Thumb Code    18  stm32f4xx_tim.o(.text)
    TIM_GenerateEvent                        0x080023bf   Thumb Code     4  stm32f4xx_tim.o(.text)
    TIM_GetFlagStatus                        0x080023c3   Thumb Code    18  stm32f4xx_tim.o(.text)
    TIM_ClearFlag                            0x080023d5   Thumb Code     6  stm32f4xx_tim.o(.text)
    TIM_GetITStatus                          0x080023db   Thumb Code    34  stm32f4xx_tim.o(.text)
    TIM_ClearITPendingBit                    0x080023fd   Thumb Code     6  stm32f4xx_tim.o(.text)
    TIM_DMAConfig                            0x08002403   Thumb Code    10  stm32f4xx_tim.o(.text)
    TIM_DMACmd                               0x0800240d   Thumb Code    18  stm32f4xx_tim.o(.text)
    TIM_SelectCCDMA                          0x0800241f   Thumb Code    24  stm32f4xx_tim.o(.text)
    TIM_InternalClockConfig                  0x08002437   Thumb Code    12  stm32f4xx_tim.o(.text)
    TIM_SelectInputTrigger                   0x08002443   Thumb Code    18  stm32f4xx_tim.o(.text)
    TIM_ITRxExternalClockConfig              0x08002455   Thumb Code    24  stm32f4xx_tim.o(.text)
    TIM_TIxExternalClockConfig               0x0800246d   Thumb Code    62  stm32f4xx_tim.o(.text)
    TIM_ETRConfig                            0x080024ab   Thumb Code    28  stm32f4xx_tim.o(.text)
    TIM_ETRClockMode1Config                  0x080024c7   Thumb Code    54  stm32f4xx_tim.o(.text)
    TIM_ETRClockMode2Config                  0x080024fd   Thumb Code    32  stm32f4xx_tim.o(.text)
    TIM_SelectOutputTrigger                  0x0800251d   Thumb Code    18  stm32f4xx_tim.o(.text)
    TIM_SelectSlaveMode                      0x0800252f   Thumb Code    18  stm32f4xx_tim.o(.text)
    TIM_SelectMasterSlaveMode                0x08002541   Thumb Code    18  stm32f4xx_tim.o(.text)
    TIM_EncoderInterfaceConfig               0x08002553   Thumb Code    66  stm32f4xx_tim.o(.text)
    TIM_SelectHallSensor                     0x08002595   Thumb Code    24  stm32f4xx_tim.o(.text)
    TIM_RemapConfig                          0x080025ad   Thumb Code     6  stm32f4xx_tim.o(.text)
    SYSCFG_DeInit                            0x080025b5   Thumb Code    22  stm32f4xx_syscfg.o(.text)
    SYSCFG_MemoryRemapConfig                 0x080025cb   Thumb Code     6  stm32f4xx_syscfg.o(.text)
    SYSCFG_MemorySwappingBank                0x080025d1   Thumb Code     6  stm32f4xx_syscfg.o(.text)
    SYSCFG_EXTILineConfig                    0x080025d7   Thumb Code    66  stm32f4xx_syscfg.o(.text)
    SYSCFG_ETH_MediaInterfaceConfig          0x08002619   Thumb Code     8  stm32f4xx_syscfg.o(.text)
    SYSCFG_CompensationCellCmd               0x08002621   Thumb Code     6  stm32f4xx_syscfg.o(.text)
    SYSCFG_GetCompensationCellStatus         0x08002627   Thumb Code    22  stm32f4xx_syscfg.o(.text)
    RCC_DeInit                               0x08002649   Thumb Code    82  stm32f4xx_rcc.o(.text)
    RCC_HSEConfig                            0x0800269b   Thumb Code    14  stm32f4xx_rcc.o(.text)
    RCC_GetFlagStatus                        0x080026a9   Thumb Code    60  stm32f4xx_rcc.o(.text)
    RCC_WaitForHSEStartUp                    0x080026e5   Thumb Code    56  stm32f4xx_rcc.o(.text)
    RCC_AdjustHSICalibrationValue            0x0800271d   Thumb Code    20  stm32f4xx_rcc.o(.text)
    RCC_HSICmd                               0x08002731   Thumb Code     6  stm32f4xx_rcc.o(.text)
    RCC_LSEConfig                            0x08002737   Thumb Code    46  stm32f4xx_rcc.o(.text)
    RCC_LSICmd                               0x08002765   Thumb Code     6  stm32f4xx_rcc.o(.text)
    RCC_PLLConfig                            0x0800276b   Thumb Code    32  stm32f4xx_rcc.o(.text)
    RCC_PLLCmd                               0x0800278b   Thumb Code     6  stm32f4xx_rcc.o(.text)
    RCC_PLLI2SConfig                         0x08002791   Thumb Code    14  stm32f4xx_rcc.o(.text)
    RCC_PLLI2SCmd                            0x0800279f   Thumb Code     6  stm32f4xx_rcc.o(.text)
    RCC_PLLSAIConfig                         0x080027a5   Thumb Code    20  stm32f4xx_rcc.o(.text)
    RCC_PLLSAICmd                            0x080027b9   Thumb Code     6  stm32f4xx_rcc.o(.text)
    RCC_ClockSecuritySystemCmd               0x080027bf   Thumb Code     6  stm32f4xx_rcc.o(.text)
    RCC_MCO1Config                           0x080027c5   Thumb Code    28  stm32f4xx_rcc.o(.text)
    RCC_MCO2Config                           0x080027e1   Thumb Code    28  stm32f4xx_rcc.o(.text)
    RCC_SYSCLKConfig                         0x080027fd   Thumb Code    20  stm32f4xx_rcc.o(.text)
    RCC_GetSYSCLKSource                      0x08002811   Thumb Code    12  stm32f4xx_rcc.o(.text)
    RCC_HCLKConfig                           0x0800281d   Thumb Code    20  stm32f4xx_rcc.o(.text)
    RCC_PCLK1Config                          0x08002831   Thumb Code    20  stm32f4xx_rcc.o(.text)
    RCC_PCLK2Config                          0x08002845   Thumb Code    22  stm32f4xx_rcc.o(.text)
    RCC_GetClocksFreq                        0x0800285b   Thumb Code   222  stm32f4xx_rcc.o(.text)
    RCC_RTCCLKConfig                         0x08002939   Thumb Code    54  stm32f4xx_rcc.o(.text)
    RCC_RTCCLKCmd                            0x0800296f   Thumb Code     8  stm32f4xx_rcc.o(.text)
    RCC_BackupResetCmd                       0x08002977   Thumb Code     8  stm32f4xx_rcc.o(.text)
    RCC_I2SCLKConfig                         0x0800297f   Thumb Code     6  stm32f4xx_rcc.o(.text)
    RCC_SAIPLLI2SClkDivConfig                0x08002985   Thumb Code    26  stm32f4xx_rcc.o(.text)
    RCC_SAIPLLSAIClkDivConfig                0x0800299f   Thumb Code    28  stm32f4xx_rcc.o(.text)
    RCC_SAIBlockACLKConfig                   0x080029bb   Thumb Code    20  stm32f4xx_rcc.o(.text)
    RCC_SAIBlockBCLKConfig                   0x080029cf   Thumb Code    20  stm32f4xx_rcc.o(.text)
    RCC_LTDCCLKDivConfig                     0x080029e3   Thumb Code    20  stm32f4xx_rcc.o(.text)
    RCC_TIMCLKPresConfig                     0x080029f7   Thumb Code     6  stm32f4xx_rcc.o(.text)
    RCC_AHB1PeriphClockCmd                   0x080029fd   Thumb Code    34  stm32f4xx_rcc.o(.text)
    RCC_AHB2PeriphClockCmd                   0x08002a1f   Thumb Code    78  stm32f4xx_rcc.o(.text)
    RCC_AHB3PeriphClockCmd                   0x08002a6d   Thumb Code    34  stm32f4xx_rcc.o(.text)
    RCC_APB1PeriphClockCmd                   0x08002a8f   Thumb Code    34  stm32f4xx_rcc.o(.text)
    RCC_APB2PeriphClockCmd                   0x08002ab1   Thumb Code    34  stm32f4xx_rcc.o(.text)
    RCC_AHB1PeriphResetCmd                   0x08002ad3   Thumb Code    34  stm32f4xx_rcc.o(.text)
    RCC_AHB2PeriphResetCmd                   0x08002af5   Thumb Code    34  stm32f4xx_rcc.o(.text)
    RCC_AHB3PeriphResetCmd                   0x08002b17   Thumb Code    34  stm32f4xx_rcc.o(.text)
    RCC_APB1PeriphResetCmd                   0x08002b39   Thumb Code    34  stm32f4xx_rcc.o(.text)
    RCC_APB2PeriphResetCmd                   0x08002b5b   Thumb Code    34  stm32f4xx_rcc.o(.text)
    RCC_AHB1PeriphClockLPModeCmd             0x08002b7d   Thumb Code    34  stm32f4xx_rcc.o(.text)
    RCC_AHB2PeriphClockLPModeCmd             0x08002b9f   Thumb Code    34  stm32f4xx_rcc.o(.text)
    RCC_AHB3PeriphClockLPModeCmd             0x08002bc1   Thumb Code    34  stm32f4xx_rcc.o(.text)
    RCC_APB1PeriphClockLPModeCmd             0x08002be3   Thumb Code    34  stm32f4xx_rcc.o(.text)
    RCC_APB2PeriphClockLPModeCmd             0x08002c05   Thumb Code    34  stm32f4xx_rcc.o(.text)
    RCC_LSEModeConfig                        0x08002c27   Thumb Code    40  stm32f4xx_rcc.o(.text)
    RCC_ITConfig                             0x08002c4f   Thumb Code    34  stm32f4xx_rcc.o(.text)
    RCC_ClearFlag                            0x08002c71   Thumb Code    18  stm32f4xx_rcc.o(.text)
    RCC_GetITStatus                          0x08002c83   Thumb Code    22  stm32f4xx_rcc.o(.text)
    RCC_ClearITPendingBit                    0x08002c99   Thumb Code     8  stm32f4xx_rcc.o(.text)
    EXTI_DeInit                              0x08002ca5   Thumb Code    28  stm32f4xx_exti.o(.text)
    EXTI_Init                                0x08002cc1   Thumb Code   142  stm32f4xx_exti.o(.text)
    EXTI_StructInit                          0x08002d4f   Thumb Code    16  stm32f4xx_exti.o(.text)
    EXTI_GenerateSWInterrupt                 0x08002d5f   Thumb Code    16  stm32f4xx_exti.o(.text)
    EXTI_GetFlagStatus                       0x08002d6f   Thumb Code    22  stm32f4xx_exti.o(.text)
    EXTI_ClearFlag                           0x08002d85   Thumb Code     8  stm32f4xx_exti.o(.text)
    EXTI_GetITStatus                         0x08002d8d   Thumb Code    22  stm32f4xx_exti.o(.text)
    EXTI_ClearITPendingBit                   0x08002da3   Thumb Code     8  stm32f4xx_exti.o(.text)
    __use_no_semihosting                     0x08002db5   Thumb Code     2  use_no_semi_2.o(.text)
    __2printf                                0x08002db9   Thumb Code    20  noretval__2printf.o(.text)
    __printf                                 0x08002dd1   Thumb Code   104  __printf.o(.text)
    __use_two_region_memory                  0x08002e39   Thumb Code     2  heapauxi.o(.text)
    __rt_heap_escrow$2region                 0x08002e3b   Thumb Code     2  heapauxi.o(.text)
    __rt_heap_expand$2region                 0x08002e3d   Thumb Code     2  heapauxi.o(.text)
    __I$use$semihosting                      0x08002e3f   Thumb Code     0  use_no_semi.o(.text)
    __use_no_semihosting_swi                 0x08002e3f   Thumb Code     2  use_no_semi.o(.text)
    __lib_sel_fp_printf                      0x08002e41   Thumb Code     2  _printf_fp_dec.o(.text)
    _printf_fp_dec_real                      0x08002fef   Thumb Code   620  _printf_fp_dec.o(.text)
    _printf_char_file                        0x0800325d   Thumb Code    32  _printf_char_file.o(.text)
    __rt_locale                              0x08003281   Thumb Code     8  rt_locale_intlibspace.o(.text)
    _ll_udiv10                               0x08003289   Thumb Code   138  lludiv10.o(.text)
    _printf_char_common                      0x0800331f   Thumb Code    32  _printf_char_common.o(.text)
    _printf_fp_infnan                        0x08003345   Thumb Code   112  _printf_fp_infnan.o(.text)
    _btod_etento                             0x080033c5   Thumb Code   216  bigflt0.o(.text)
    ferror                                   0x080034a1   Thumb Code     8  ferror.o(.text)
    __user_libspace                          0x080034a9   Thumb Code     8  libspace.o(.text)
    __user_perproc_libspace                  0x080034a9   Thumb Code     0  libspace.o(.text)
    __user_perthread_libspace                0x080034a9   Thumb Code     0  libspace.o(.text)
    __user_setup_stackheap                   0x080034b1   Thumb Code    74  sys_stackheap_outer.o(.text)
    exit                                     0x080034fb   Thumb Code    12  exit.o(.text)
    strcmp                                   0x08003509   Thumb Code   128  strcmpv7m.o(.text)
    _btod_d2e                                0x08003589   Thumb Code    62  btod.o(CL$$btod_d2e)
    _d2e_denorm_low                          0x080035c7   Thumb Code    70  btod.o(CL$$btod_d2e_denorm_low)
    _d2e_norm_op1                            0x0800360d   Thumb Code    96  btod.o(CL$$btod_d2e_norm_op1)
    __btod_div_common                        0x0800366d   Thumb Code   696  btod.o(CL$$btod_div_common)
    _e2e                                     0x080039a5   Thumb Code   198  btod.o(CL$$btod_e2e)
    _btod_ediv                               0x08003a6b   Thumb Code    40  btod.o(CL$$btod_ediv)
    _btod_emul                               0x08003a93   Thumb Code    40  btod.o(CL$$btod_emul)
    __btod_mult_common                       0x08003abb   Thumb Code   580  btod.o(CL$$btod_mult_common)
    __ARM_fpclassify                         0x08003cff   Thumb Code    48  fpclassify.o(i.__ARM_fpclassify)
    _get_lc_numeric                          0x08003d31   Thumb Code    44  lc_numeric_c.o(locale$$code)
    __aeabi_d2f                              0x08003d5d   Thumb Code     0  d2f.o(x$fpl$d2f)
    _d2f                                     0x08003d5d   Thumb Code    98  d2f.o(x$fpl$d2f)
    __aeabi_ddiv                             0x08003dc1   Thumb Code     0  ddiv.o(x$fpl$ddiv)
    _ddiv                                    0x08003dc1   Thumb Code   552  ddiv.o(x$fpl$ddiv)
    __fpl_dnaninf                            0x08004071   Thumb Code   156  dnaninf.o(x$fpl$dnaninf)
    __fpl_dretinf                            0x0800410d   Thumb Code    12  dretinf.o(x$fpl$dretinf)
    __aeabi_f2d                              0x08004119   Thumb Code     0  f2d.o(x$fpl$f2d)
    _f2d                                     0x08004119   Thumb Code    86  f2d.o(x$fpl$f2d)
    __fpl_fnaninf                            0x0800416f   Thumb Code   140  fnaninf.o(x$fpl$fnaninf)
    _fp_init                                 0x080041fb   Thumb Code    10  fpinit.o(x$fpl$fpinit)
    __fplib_config_fpu_vfp                   0x08004203   Thumb Code     0  fpinit.o(x$fpl$fpinit)
    __fplib_config_pureend_doubles           0x08004203   Thumb Code     0  fpinit.o(x$fpl$fpinit)
    __fpl_fretinf                            0x08004205   Thumb Code    10  fretinf.o(x$fpl$fretinf)
    _printf_fp_dec                           0x0800420f   Thumb Code     4  printf1.o(x$fpl$printf1)
    __I$use$fp                               0x08004212   Number         0  usenofp.o(x$fpl$usenofp)
    Region$$Table$$Base                      0x080042a8   Number         0  anon$$obj.o(Region$$Table)
    Region$$Table$$Limit                     0x080042c8   Number         0  anon$$obj.o(Region$$Table)
    GEAR                                     0x20000000   Data           2  main.o(.data)
    SystemCoreClock                          0x20000004   Data           4  system_stm32f4xx.o(.data)
    AHBPrescTable                            0x20000008   Data          16  system_stm32f4xx.o(.data)
    UltrasonicWave_Distance                  0x20000018   Data           4  obstacle_avoid.o(.data)
    __stdout                                 0x20000024   Data           4  usart.o(.data)
    USART_RX_STA                             0x20000028   Data           2  usart.o(.data)
    USART_RX_BUF                             0x2000003c   Data         200  usart.o(.bss)
    __libspace_start                         0x20000104   Data          96  libspace.o(.bss)
    __temporary_stack_top$libspace           0x20000164   Data           0  libspace.o(.bss)



==============================================================================

Memory Map of the image

  Image Entry point : 0x08000189

  Load Region LR_IROM1 (Base: 0x08000000, Size: 0x00004320, Max: 0x00100000, ABSOLUTE)

    Execution Region ER_IROM1 (Base: 0x08000000, Size: 0x000042e4, Max: 0x00100000, ABSOLUTE)

    Base Addr    Size         Type   Attr      Idx    E Section Name        Object

    0x08000000   0x00000188   Data   RO          532    RESET               startup_stm32f40_41xxx.o
    0x08000188   0x00000008   Code   RO          758  * !!!main             c_w.l(__main.o)
    0x08000190   0x00000034   Code   RO         1001    !!!scatter          c_w.l(__scatter.o)
    0x080001c4   0x0000001a   Code   RO         1003    !!handler_copy      c_w.l(__scatter_copy.o)
    0x080001de   0x00000002   PAD
    0x080001e0   0x0000001c   Code   RO         1005    !!handler_zi        c_w.l(__scatter_zi.o)
    0x080001fc   0x00000000   Code   RO          755    .ARM.Collect$$_printf_percent$$00000000  c_w.l(_printf_percent.o)
    0x080001fc   0x00000006   Code   RO          754    .ARM.Collect$$_printf_percent$$00000003  c_w.l(_printf_f.o)
    0x08000202   0x00000004   Code   RO          791    .ARM.Collect$$_printf_percent$$00000017  c_w.l(_printf_percent_end.o)
    0x08000206   0x00000002   Code   RO          879    .ARM.Collect$$libinit$$00000000  c_w.l(libinit.o)
    0x08000208   0x00000004   Code   RO          880    .ARM.Collect$$libinit$$00000001  c_w.l(libinit2.o)
    0x0800020c   0x00000000   Code   RO          883    .ARM.Collect$$libinit$$00000004  c_w.l(libinit2.o)
    0x0800020c   0x00000000   Code   RO          886    .ARM.Collect$$libinit$$0000000A  c_w.l(libinit2.o)
    0x0800020c   0x00000000   Code   RO          888    .ARM.Collect$$libinit$$0000000C  c_w.l(libinit2.o)
    0x0800020c   0x00000000   Code   RO          890    .ARM.Collect$$libinit$$0000000E  c_w.l(libinit2.o)
    0x0800020c   0x00000006   Code   RO          891    .ARM.Collect$$libinit$$0000000F  c_w.l(libinit2.o)
    0x08000212   0x00000000   Code   RO          893    .ARM.Collect$$libinit$$00000011  c_w.l(libinit2.o)
    0x08000212   0x00000000   Code   RO          895    .ARM.Collect$$libinit$$00000013  c_w.l(libinit2.o)
    0x08000212   0x00000000   Code   RO          897    .ARM.Collect$$libinit$$00000015  c_w.l(libinit2.o)
    0x08000212   0x0000000a   Code   RO          898    .ARM.Collect$$libinit$$00000016  c_w.l(libinit2.o)
    0x0800021c   0x00000000   Code   RO          899    .ARM.Collect$$libinit$$00000017  c_w.l(libinit2.o)
    0x0800021c   0x00000000   Code   RO          901    .ARM.Collect$$libinit$$00000019  c_w.l(libinit2.o)
    0x0800021c   0x00000000   Code   RO          903    .ARM.Collect$$libinit$$0000001B  c_w.l(libinit2.o)
    0x0800021c   0x00000000   Code   RO          905    .ARM.Collect$$libinit$$0000001D  c_w.l(libinit2.o)
    0x0800021c   0x00000000   Code   RO          907    .ARM.Collect$$libinit$$0000001F  c_w.l(libinit2.o)
    0x0800021c   0x00000000   Code   RO          909    .ARM.Collect$$libinit$$00000021  c_w.l(libinit2.o)
    0x0800021c   0x00000000   Code   RO          911    .ARM.Collect$$libinit$$00000023  c_w.l(libinit2.o)
    0x0800021c   0x00000000   Code   RO          913    .ARM.Collect$$libinit$$00000025  c_w.l(libinit2.o)
    0x0800021c   0x00000000   Code   RO          917    .ARM.Collect$$libinit$$0000002C  c_w.l(libinit2.o)
    0x0800021c   0x00000000   Code   RO          919    .ARM.Collect$$libinit$$0000002E  c_w.l(libinit2.o)
    0x0800021c   0x00000000   Code   RO          921    .ARM.Collect$$libinit$$00000030  c_w.l(libinit2.o)
    0x0800021c   0x00000000   Code   RO          923    .ARM.Collect$$libinit$$00000032  c_w.l(libinit2.o)
    0x0800021c   0x00000002   Code   RO          924    .ARM.Collect$$libinit$$00000033  c_w.l(libinit2.o)
    0x0800021e   0x00000002   Code   RO          952    .ARM.Collect$$libshutdown$$00000000  c_w.l(libshutdown.o)
    0x08000220   0x00000000   Code   RO          962    .ARM.Collect$$libshutdown$$00000003  c_w.l(libshutdown2.o)
    0x08000220   0x00000000   Code   RO          965    .ARM.Collect$$libshutdown$$00000006  c_w.l(libshutdown2.o)
    0x08000220   0x00000000   Code   RO          968    .ARM.Collect$$libshutdown$$00000009  c_w.l(libshutdown2.o)
    0x08000220   0x00000000   Code   RO          970    .ARM.Collect$$libshutdown$$0000000B  c_w.l(libshutdown2.o)
    0x08000220   0x00000000   Code   RO          973    .ARM.Collect$$libshutdown$$0000000E  c_w.l(libshutdown2.o)
    0x08000220   0x00000002   Code   RO          974    .ARM.Collect$$libshutdown$$0000000F  c_w.l(libshutdown2.o)
    0x08000222   0x00000000   Code   RO          784    .ARM.Collect$$rtentry$$00000000  c_w.l(__rtentry.o)
    0x08000222   0x00000000   Code   RO          802    .ARM.Collect$$rtentry$$00000002  c_w.l(__rtentry2.o)
    0x08000222   0x00000006   Code   RO          814    .ARM.Collect$$rtentry$$00000004  c_w.l(__rtentry4.o)
    0x08000228   0x00000000   Code   RO          804    .ARM.Collect$$rtentry$$00000009  c_w.l(__rtentry2.o)
    0x08000228   0x00000004   Code   RO          805    .ARM.Collect$$rtentry$$0000000A  c_w.l(__rtentry2.o)
    0x0800022c   0x00000000   Code   RO          807    .ARM.Collect$$rtentry$$0000000C  c_w.l(__rtentry2.o)
    0x0800022c   0x00000008   Code   RO          808    .ARM.Collect$$rtentry$$0000000D  c_w.l(__rtentry2.o)
    0x08000234   0x00000002   Code   RO          925    .ARM.Collect$$rtexit$$00000000  c_w.l(rtexit.o)
    0x08000236   0x00000000   Code   RO          932    .ARM.Collect$$rtexit$$00000002  c_w.l(rtexit2.o)
    0x08000236   0x00000004   Code   RO          933    .ARM.Collect$$rtexit$$00000003  c_w.l(rtexit2.o)
    0x0800023a   0x00000006   Code   RO          934    .ARM.Collect$$rtexit$$00000004  c_w.l(rtexit2.o)
    0x08000240   0x000000fc   Code   RO            3    .text               main.o
    0x0800033c   0x0000001a   Code   RO          170    .text               stm32f4xx_it.o
    0x08000356   0x00000002   PAD
    0x08000358   0x00000210   Code   RO          219    .text               system_stm32f4xx.o
    0x08000568   0x0000011c   Code   RO          245    .text               pwm.o
    0x08000684   0x000002e0   Code   RO          265    .text               car_control.o
    0x08000964   0x00000040   Code   RO          291    .text               led.o
    0x080009a4   0x00000418   Code   RO          311    .text               obstacle_avoid.o
    0x08000dbc   0x000000f8   Code   RO          335    .text               trace.o
    0x08000eb4   0x00000002   Code   RO          356    .text               remote_ctr.o
    0x08000eb6   0x00000002   Code   RO          376    .text               bluetooth_ctr.o
    0x08000eb8   0x00000104   Code   RO          461    .text               delay.o
    0x08000fbc   0x0000014c   Code   RO          501    .text               usart.o
    0x08001108   0x00000040   Code   RO          533    .text               startup_stm32f40_41xxx.o
    0x08001148   0x000000e0   Code   RO          539    .text               misc.o
    0x08001228   0x00000294   Code   RO          559    .text               stm32f4xx_gpio.o
    0x080014bc   0x00000454   Code   RO          579    .text               stm32f4xx_usart.o
    0x08001910   0x00000ca2   Code   RO          599    .text               stm32f4xx_tim.o
    0x080025b2   0x00000002   PAD
    0x080025b4   0x00000094   Code   RO          619    .text               stm32f4xx_syscfg.o
    0x08002648   0x0000065c   Code   RO          639    .text               stm32f4xx_rcc.o
    0x08002ca4   0x00000110   Code   RO          661    .text               stm32f4xx_exti.o
    0x08002db4   0x00000002   Code   RO          704    .text               c_w.l(use_no_semi_2.o)
    0x08002db6   0x00000002   PAD
    0x08002db8   0x00000018   Code   RO          708    .text               c_w.l(noretval__2printf.o)
    0x08002dd0   0x00000068   Code   RO          710    .text               c_w.l(__printf.o)
    0x08002e38   0x00000006   Code   RO          756    .text               c_w.l(heapauxi.o)
    0x08002e3e   0x00000002   Code   RO          782    .text               c_w.l(use_no_semi.o)
    0x08002e40   0x0000041a   Code   RO          787    .text               c_w.l(_printf_fp_dec.o)
    0x0800325a   0x00000002   PAD
    0x0800325c   0x00000024   Code   RO          789    .text               c_w.l(_printf_char_file.o)
    0x08003280   0x00000008   Code   RO          819    .text               c_w.l(rt_locale_intlibspace.o)
    0x08003288   0x0000008a   Code   RO          821    .text               c_w.l(lludiv10.o)
    0x08003312   0x00000002   PAD
    0x08003314   0x00000030   Code   RO          823    .text               c_w.l(_printf_char_common.o)
    0x08003344   0x00000080   Code   RO          825    .text               c_w.l(_printf_fp_infnan.o)
    0x080033c4   0x000000dc   Code   RO          827    .text               c_w.l(bigflt0.o)
    0x080034a0   0x00000008   Code   RO          852    .text               c_w.l(ferror.o)
    0x080034a8   0x00000008   Code   RO          863    .text               c_w.l(libspace.o)
    0x080034b0   0x0000004a   Code   RO          866    .text               c_w.l(sys_stackheap_outer.o)
    0x080034fa   0x0000000c   Code   RO          870    .text               c_w.l(exit.o)
    0x08003506   0x00000002   PAD
    0x08003508   0x00000080   Code   RO          872    .text               c_w.l(strcmpv7m.o)
    0x08003588   0x0000003e   Code   RO          830    CL$$btod_d2e        c_w.l(btod.o)
    0x080035c6   0x00000046   Code   RO          832    CL$$btod_d2e_denorm_low  c_w.l(btod.o)
    0x0800360c   0x00000060   Code   RO          831    CL$$btod_d2e_norm_op1  c_w.l(btod.o)
    0x0800366c   0x00000338   Code   RO          840    CL$$btod_div_common  c_w.l(btod.o)
    0x080039a4   0x000000c6   Code   RO          837    CL$$btod_e2e        c_w.l(btod.o)
    0x08003a6a   0x00000028   Code   RO          834    CL$$btod_ediv       c_w.l(btod.o)
    0x08003a92   0x00000028   Code   RO          833    CL$$btod_emul       c_w.l(btod.o)
    0x08003aba   0x00000244   Code   RO          839    CL$$btod_mult_common  c_w.l(btod.o)
    0x08003cfe   0x00000030   Code   RO          861    i.__ARM_fpclassify  m_wm.l(fpclassify.o)
    0x08003d2e   0x00000002   PAD
    0x08003d30   0x0000002c   Code   RO          857    locale$$code        c_w.l(lc_numeric_c.o)
    0x08003d5c   0x00000062   Code   RO          760    x$fpl$d2f           fz_wm.l(d2f.o)
    0x08003dbe   0x00000002   PAD
    0x08003dc0   0x000002b0   Code   RO          763    x$fpl$ddiv          fz_wm.l(ddiv.o)
    0x08004070   0x0000009c   Code   RO          792    x$fpl$dnaninf       fz_wm.l(dnaninf.o)
    0x0800410c   0x0000000c   Code   RO          794    x$fpl$dretinf       fz_wm.l(dretinf.o)
    0x08004118   0x00000056   Code   RO          778    x$fpl$f2d           fz_wm.l(f2d.o)
    0x0800416e   0x0000008c   Code   RO          796    x$fpl$fnaninf       fz_wm.l(fnaninf.o)
    0x080041fa   0x0000000a   Code   RO          929    x$fpl$fpinit        fz_wm.l(fpinit.o)
    0x08004204   0x0000000a   Code   RO          798    x$fpl$fretinf       fz_wm.l(fretinf.o)
    0x0800420e   0x00000004   Code   RO          780    x$fpl$printf1       fz_wm.l(printf1.o)
    0x08004212   0x00000000   Code   RO          800    x$fpl$usenofp       fz_wm.l(usenofp.o)
    0x08004212   0x00000002   PAD
    0x08004214   0x00000094   Data   RO          828    .constdata          c_w.l(bigflt0.o)
    0x080042a8   0x00000020   Data   RO          999    Region$$Table       anon$$obj.o
    0x080042c8   0x0000001c   Data   RO          856    locale$$data        c_w.l(lc_numeric_c.o)


    Execution Region RW_IRAM1 (Base: 0x20000000, Size: 0x00000768, Max: 0x00020000, ABSOLUTE)

    Base Addr    Size         Type   Attr      Idx    E Section Name        Object

    0x20000000   0x00000002   Data   RW            4    .data               main.o
    0x20000002   0x00000002   PAD
    0x20000004   0x00000014   Data   RW          220    .data               system_stm32f4xx.o
    0x20000018   0x00000004   Data   RW          312    .data               obstacle_avoid.o
    0x2000001c   0x00000001   Data   RW          336    .data               trace.o
    0x2000001d   0x00000001   PAD
    0x2000001e   0x00000004   Data   RW          462    .data               delay.o
    0x20000022   0x00000002   PAD
    0x20000024   0x00000006   Data   RW          503    .data               usart.o
    0x2000002a   0x00000010   Data   RW          640    .data               stm32f4xx_rcc.o
    0x2000003a   0x00000002   PAD
    0x2000003c   0x000000c8   Zero   RW          502    .bss                usart.o
    0x20000104   0x00000060   Zero   RW          864    .bss                c_w.l(libspace.o)
    0x20000164   0x00000004   PAD
    0x20000168   0x00000200   Zero   RW          531    HEAP                startup_stm32f40_41xxx.o
    0x20000368   0x00000400   Zero   RW          530    STACK               startup_stm32f40_41xxx.o


==============================================================================

Image component sizes


      Code (inc. data)   RO Data    RW Data    ZI Data      Debug   Object Name

         2          0          0          0          0        517   bluetooth_ctr.o
       736         20          0          0          0       2062   car_control.o
       260          8          0          4          0       1473   delay.o
        64          4          0          0          0        543   led.o
       252         18          0          2          0     284834   main.o
       224         20          0          0          0       1853   misc.o
      1048         72          0          4          0       2801   obstacle_avoid.o
       284         14          0          0          0        832   pwm.o
         2          0          0          0          0        498   remote_ctr.o
        64         26        392          0       1536        844   startup_stm32f40_41xxx.o
       272         10          0          0          0       2299   stm32f4xx_exti.o
       660         44          0          0          0       4129   stm32f4xx_gpio.o
        26          0          0          0          0       1242   stm32f4xx_it.o
      1628         52          0         16          0      12936   stm32f4xx_rcc.o
       148         12          0          0          0       1861   stm32f4xx_syscfg.o
      3234         60          0          0          0      22336   stm32f4xx_tim.o
      1108         34          0          0          0       7832   stm32f4xx_usart.o
       528         46          0         20          0       1831   system_stm32f4xx.o
       248          8          0          1          0        892   trace.o
       332         18          0          6        200       3370   usart.o

    ----------------------------------------------------------------------
     11124        466        424         60       1736     354985   Object Totals
         0          0         32          0          0          0   (incl. Generated)
         4          0          0          7          0          0   (incl. Padding)

    ----------------------------------------------------------------------

      Code (inc. data)   RO Data    RW Data    ZI Data      Debug   Library Member Name

         8          0          0          0          0         68   __main.o
       104          0          0          0          0         84   __printf.o
         0          0          0          0          0          0   __rtentry.o
        12          0          0          0          0          0   __rtentry2.o
         6          0          0          0          0          0   __rtentry4.o
        52          8          0          0          0          0   __scatter.o
        26          0          0          0          0          0   __scatter_copy.o
        28          0          0          0          0          0   __scatter_zi.o
        48          6          0          0          0         96   _printf_char_common.o
        36          4          0          0          0         80   _printf_char_file.o
         6          0          0          0          0          0   _printf_f.o
      1050          0          0          0          0        216   _printf_fp_dec.o
       128         16          0          0          0         84   _printf_fp_infnan.o
         0          0          0          0          0          0   _printf_percent.o
         4          0          0          0          0          0   _printf_percent_end.o
       220          4        148          0          0         96   bigflt0.o
      1910        128          0          0          0        672   btod.o
        12          0          0          0          0         72   exit.o
         8          0          0          0          0         68   ferror.o
         6          0          0          0          0        152   heapauxi.o
        44         10         28          0          0         76   lc_numeric_c.o
         2          0          0          0          0          0   libinit.o
        22          0          0          0          0          0   libinit2.o
         2          0          0          0          0          0   libshutdown.o
         2          0          0          0          0          0   libshutdown2.o
         8          4          0          0         96         68   libspace.o
       138          0          0          0          0         80   lludiv10.o
        24          4          0          0          0         84   noretval__2printf.o
         8          4          0          0          0         68   rt_locale_intlibspace.o
         2          0          0          0          0          0   rtexit.o
        10          0          0          0          0          0   rtexit2.o
       128          0          0          0          0         68   strcmpv7m.o
        74          0          0          0          0         80   sys_stackheap_outer.o
         2          0          0          0          0         68   use_no_semi.o
         2          0          0          0          0         68   use_no_semi_2.o
        98          4          0          0          0        140   d2f.o
       688        140          0          0          0        256   ddiv.o
       156          4          0          0          0        140   dnaninf.o
        12          0          0          0          0        116   dretinf.o
        86          4          0          0          0        132   f2d.o
       140          4          0          0          0        132   fnaninf.o
        10          0          0          0          0        116   fpinit.o
        10          0          0          0          0        116   fretinf.o
         4          0          0          0          0        116   printf1.o
         0          0          0          0          0          0   usenofp.o
        48          0          0          0          0        124   fpclassify.o

    ----------------------------------------------------------------------
      5400        344        176          0        100       3736   Library Totals
        16          0          0          0          4          0   (incl. Padding)

    ----------------------------------------------------------------------

      Code (inc. data)   RO Data    RW Data    ZI Data      Debug   Library Name

      4132        188        176          0         96       2348   c_w.l
      1204        156          0          0          0       1264   fz_wm.l
        48          0          0          0          0        124   m_wm.l

    ----------------------------------------------------------------------
      5400        344        176          0        100       3736   Library Totals

    ----------------------------------------------------------------------

==============================================================================


      Code (inc. data)   RO Data    RW Data    ZI Data      Debug   

     16524        810        600         60       1836     353073   Grand Totals
     16524        810        600         60       1836     353073   ELF Image Totals
     16524        810        600         60          0          0   ROM Totals

==============================================================================

    Total RO  Size (Code + RO Data)                17124 (  16.72kB)
    Total RW  Size (RW Data + ZI Data)              1896 (   1.85kB)
    Total ROM Size (Code + RO Data + RW Data)      17184 (  16.78kB)

==============================================================================

