<html>
<body>
<pre>
<h1>礦ision Build Log</h1>
<h2>Tool Versions:</h2>
IDE-Version: μVision V5.14.0.0
Copyright (C) 2015 ARM Ltd and ARM Germany GmbH. All rights reserved.
License Information: jiao lu, nan, LIC=BL2VE-5MRGD-661QS-L8AVL-QZ6PG-FRW7U
 
Tool Versions:
Toolchain:       MDK-ARM Professional  Version: 5.14.0.0
Toolchain Path:  D:\2.keil5\ARM\ARMCC\Bin
C Compiler:      Armcc.exe V5.05 update 1 (build 106)
Assembler:       Armasm.exe V5.05 update 1 (build 106)
Linker/Locator:  ArmLink.exe V5.05 update 1 (build 106)
Library Manager: ArmAr.exe V5.05 update 1 (build 106)
Hex Converter:   FromElf.exe V5.05 update 1 (build 106)
CPU DLL:         SARMCM3.DLL V5.14.0.0
Dialog DLL:      DCM.DLL V1.13.1.0
Target DLL:      STLink\ST-LINKIII-KEIL_SWO.dll V2.0.14.0_KEIL
Dialog DLL:      TCM.DLL V1.14.4.0
 
<h2>Project:</h2>
C:\Users\23247\Desktop\智能小车\实验9 PWM输出实验\USER\PWM.uvprojx
Project File Date:  07/18/2019

<h2>Output:</h2>
Rebuild target 'PWM'
compiling main.c...
compiling stm32f4xx_it.c...
compiling system_stm32f4xx.c...
compiling pwm.c...
compiling car_control.c...
compiling led.c...
compiling obstacle_avoid.c...
..\HARDWARE\Obstacle_avoid\obstacle_avoid.c(250): warning:  #1035-D: single-precision operand implicitly converted to double-precision
      distance = (float)count *100 / 58.8;   // measurement-units:us
..\HARDWARE\Obstacle_avoid\obstacle_avoid.c: 1 warning, 0 errors
compiling trace.c...
compiling remote_ctr.c...
compiling bluetooth_ctr.c...
compiling lcd.c...
compiling ps2.c...
compiling delay.c...
compiling sys.c...
compiling usart.c...
assembling startup_stm32f40_41xxx.s...
compiling misc.c...
compiling stm32f4xx_gpio.c...
compiling stm32f4xx_usart.c...
compiling stm32f4xx_tim.c...
compiling stm32f4xx_syscfg.c...
compiling stm32f4xx_rcc.c...
compiling stm32f4xx_exti.c...
compiling stm32f4xx_fsmc.c...
linking...
Program Size: Code=16524 RO-data=600 RW-data=60 ZI-data=1836  
FromELF: creating hex file...
"..\OBJ\PWM.axf" - 0 Error(s), 1 Warning(s).

<h2>Collection of Component include folders:</h2>
  C:\Users\23247\Desktop\智能小车\实验9 PWM输出实验\USER\RTE
  D:\2.keil5\ARM\PACK\Keil\STM32F4xx_DFP\1.0.8\Device\Include

<h2>Collection of Component Files used:</h2>
</pre>
</body>
</html>
